Archive member included to satisfy reference by file (symbol)

C:/ST/STM32CubeIDE_1.14.0/STM32CubeIDE/plugins/com.st.stm32cube.ide.mcu.externaltools.gnu-tools-for-stm32.11.3.rel1.win32_1.1.100.202309141235/tools/bin/../lib/gcc/arm-none-eabi/11.3.1/../../../../arm-none-eabi/lib/thumb/v7e-m+fp/hard\libstdc++_nano.a(del_ops.o)
                              ./Core/Src/esc.o (operator delete(void*, unsigned int))
C:/ST/STM32CubeIDE_1.14.0/STM32CubeIDE/plugins/com.st.stm32cube.ide.mcu.externaltools.gnu-tools-for-stm32.11.3.rel1.win32_1.1.100.202309141235/tools/bin/../lib/gcc/arm-none-eabi/11.3.1/../../../../arm-none-eabi/lib/thumb/v7e-m+fp/hard\libstdc++_nano.a(del_op.o)
                              C:/ST/STM32CubeIDE_1.14.0/STM32CubeIDE/plugins/com.st.stm32cube.ide.mcu.externaltools.gnu-tools-for-stm32.11.3.rel1.win32_1.1.100.202309141235/tools/bin/../lib/gcc/arm-none-eabi/11.3.1/../../../../arm-none-eabi/lib/thumb/v7e-m+fp/hard\libstdc++_nano.a(del_ops.o) (operator delete(void*))
C:/ST/STM32CubeIDE_1.14.0/STM32CubeIDE/plugins/com.st.stm32cube.ide.mcu.externaltools.gnu-tools-for-stm32.11.3.rel1.win32_1.1.100.202309141235/tools/bin/../lib/gcc/arm-none-eabi/11.3.1/../../../../arm-none-eabi/lib/thumb/v7e-m+fp/hard\libm.a(libm_a-sf_round.o)
                              ./Core/Src/temperature.o (roundf)
C:/ST/STM32CubeIDE_1.14.0/STM32CubeIDE/plugins/com.st.stm32cube.ide.mcu.externaltools.gnu-tools-for-stm32.11.3.rel1.win32_1.1.100.202309141235/tools/bin/../lib/gcc/arm-none-eabi/11.3.1/../../../../arm-none-eabi/lib/thumb/v7e-m+fp/hard\libc_nano.a(libc_a-atoi.o)
                              ./Core/Src/relay.o (atoi)
C:/ST/STM32CubeIDE_1.14.0/STM32CubeIDE/plugins/com.st.stm32cube.ide.mcu.externaltools.gnu-tools-for-stm32.11.3.rel1.win32_1.1.100.202309141235/tools/bin/../lib/gcc/arm-none-eabi/11.3.1/../../../../arm-none-eabi/lib/thumb/v7e-m+fp/hard\libc_nano.a(libc_a-exit.o)
                              C:/ST/STM32CubeIDE_1.14.0/STM32CubeIDE/plugins/com.st.stm32cube.ide.mcu.externaltools.gnu-tools-for-stm32.11.3.rel1.win32_1.1.100.202309141235/tools/bin/../lib/gcc/arm-none-eabi/11.3.1/../../../../arm-none-eabi/lib/thumb/v7e-m+fp/hard/crt0.o (exit)
C:/ST/STM32CubeIDE_1.14.0/STM32CubeIDE/plugins/com.st.stm32cube.ide.mcu.externaltools.gnu-tools-for-stm32.11.3.rel1.win32_1.1.100.202309141235/tools/bin/../lib/gcc/arm-none-eabi/11.3.1/../../../../arm-none-eabi/lib/thumb/v7e-m+fp/hard\libc_nano.a(libc_a-malloc.o)
                              C:/ST/STM32CubeIDE_1.14.0/STM32CubeIDE/plugins/com.st.stm32cube.ide.mcu.externaltools.gnu-tools-for-stm32.11.3.rel1.win32_1.1.100.202309141235/tools/bin/../lib/gcc/arm-none-eabi/11.3.1/../../../../arm-none-eabi/lib/thumb/v7e-m+fp/hard\libstdc++_nano.a(del_op.o) (free)
C:/ST/STM32CubeIDE_1.14.0/STM32CubeIDE/plugins/com.st.stm32cube.ide.mcu.externaltools.gnu-tools-for-stm32.11.3.rel1.win32_1.1.100.202309141235/tools/bin/../lib/gcc/arm-none-eabi/11.3.1/../../../../arm-none-eabi/lib/thumb/v7e-m+fp/hard\libc_nano.a(libc_a-mallocr.o)
                              C:/ST/STM32CubeIDE_1.14.0/STM32CubeIDE/plugins/com.st.stm32cube.ide.mcu.externaltools.gnu-tools-for-stm32.11.3.rel1.win32_1.1.100.202309141235/tools/bin/../lib/gcc/arm-none-eabi/11.3.1/../../../../arm-none-eabi/lib/thumb/v7e-m+fp/hard\libc_nano.a(libc_a-malloc.o) (_malloc_r)
C:/ST/STM32CubeIDE_1.14.0/STM32CubeIDE/plugins/com.st.stm32cube.ide.mcu.externaltools.gnu-tools-for-stm32.11.3.rel1.win32_1.1.100.202309141235/tools/bin/../lib/gcc/arm-none-eabi/11.3.1/../../../../arm-none-eabi/lib/thumb/v7e-m+fp/hard\libc_nano.a(libc_a-mlock.o)
                              C:/ST/STM32CubeIDE_1.14.0/STM32CubeIDE/plugins/com.st.stm32cube.ide.mcu.externaltools.gnu-tools-for-stm32.11.3.rel1.win32_1.1.100.202309141235/tools/bin/../lib/gcc/arm-none-eabi/11.3.1/../../../../arm-none-eabi/lib/thumb/v7e-m+fp/hard\libc_nano.a(libc_a-mallocr.o) (__malloc_lock)
C:/ST/STM32CubeIDE_1.14.0/STM32CubeIDE/plugins/com.st.stm32cube.ide.mcu.externaltools.gnu-tools-for-stm32.11.3.rel1.win32_1.1.100.202309141235/tools/bin/../lib/gcc/arm-none-eabi/11.3.1/../../../../arm-none-eabi/lib/thumb/v7e-m+fp/hard\libc_nano.a(libc_a-strtol.o)
                              C:/ST/STM32CubeIDE_1.14.0/STM32CubeIDE/plugins/com.st.stm32cube.ide.mcu.externaltools.gnu-tools-for-stm32.11.3.rel1.win32_1.1.100.202309141235/tools/bin/../lib/gcc/arm-none-eabi/11.3.1/../../../../arm-none-eabi/lib/thumb/v7e-m+fp/hard\libc_nano.a(libc_a-atoi.o) (_strtol_r)
C:/ST/STM32CubeIDE_1.14.0/STM32CubeIDE/plugins/com.st.stm32cube.ide.mcu.externaltools.gnu-tools-for-stm32.11.3.rel1.win32_1.1.100.202309141235/tools/bin/../lib/gcc/arm-none-eabi/11.3.1/../../../../arm-none-eabi/lib/thumb/v7e-m+fp/hard\libc_nano.a(libc_a-ctype_.o)
[...]
Memory Configuration

Name             Origin             Length             Attributes
RAM              0x0000000020000000 0x0000000000020000 xrw
FLASH            0x0000000008000000 0x0000000000080000 xr
*default*        0x0000000000000000 0xffffffffffffffff

Linker script and memory map

LOAD C:/ST/STM32CubeIDE_1.14.0/STM32CubeIDE/plugins/com.st.stm32cube.ide.mcu.externaltools.gnu-tools-for-stm32.11.3.rel1.win32_1.1.100.202309141235/tools/bin/../lib/gcc/arm-none-eabi/11.3.1/thumb/v7e-m+fp/hard/crti.o
LOAD C:/ST/STM32CubeIDE_1.14.0/STM32CubeIDE/plugins/com.st.stm32cube.ide.mcu.externaltools.gnu-tools-for-stm32.11.3.rel1.win32_1.1.100.202309141235/tools/bin/../lib/gcc/arm-none-eabi/11.3.1/thumb/v7e-m+fp/hard/crtbegin.o
LOAD C:/ST/STM32CubeIDE_1.14.0/STM32CubeIDE/plugins/com.st.stm32cube.ide.mcu.externaltools.gnu-tools-for-stm32.11.3.rel1.win32_1.1.100.202309141235/tools/bin/../lib/gcc/arm-none-eabi/11.3.1/../../../../arm-none-eabi/lib/thumb/v7e-m+fp/hard/crt0.o
LOAD ./Core/Src/accelerometer.o
LOAD ./Core/Src/bms.o
LOAD ./Core/Src/bno055.o
LOAD ./Core/Src/can.o
LOAD ./Core/Src/driver_mcp9600.o
LOAD ./Core/Src/driver_mcp9600_interface_stm32.o
LOAD ./Core/Src/esc.o
LOAD ./Core/Src/main.o
LOAD ./Core/Src/relay.o
LOAD ./Core/Src/stm32g4xx_hal_msp.o
LOAD ./Core/Src/stm32g4xx_it.o
LOAD ./Core/Src/syscalls.o
LOAD ./Core/Src/sysmem.o
LOAD ./Core/Src/system_stm32g4xx.o
LOAD ./Core/Src/temperature.o
LOAD ./Core/Startup/startup_stm32g474vetx.o
LOAD ./Drivers/STM32G4xx_HAL_Driver/Src/stm32g4xx_hal.o
LOAD ./Drivers/STM32G4xx_HAL_Driver/Src/stm32g4xx_hal_adc.o
LOAD ./Drivers/STM32G4xx_HAL_Driver/Src/stm32g4xx_hal_adc_ex.o
LOAD ./Drivers/STM32G4xx_HAL_Driver/Src/stm32g4xx_hal_cortex.o
LOAD ./Drivers/STM32G4xx_HAL_Driver/Src/stm32g4xx_hal_dma.o
LOAD ./Drivers/STM32G4xx_HAL_Driver/Src/stm32g4xx_hal_dma_ex.o
LOAD ./Drivers/STM32G4xx_HAL_Driver/Src/stm32g4xx_hal_exti.o
LOAD ./Drivers/STM32G4xx_HAL_Driver/Src/stm32g4xx_hal_fdcan.o
LOAD ./Drivers/STM32G4xx_HAL_Driver/Src/stm32g4xx_hal_flash.o
LOAD ./Drivers/STM32G4xx_HAL_Driver/Src/stm32g4xx_hal_flash_ex.o
LOAD ./Drivers/STM32G4xx_HAL_Driver/Src/stm32g4xx_hal_flash_ramfunc.o
LOAD ./Drivers/STM32G4xx_HAL_Driver/Src/stm32g4xx_hal_gpio.o
LOAD ./Drivers/STM32G4xx_HAL_Driver/Src/stm32g4xx_hal_i2c.o
LOAD ./Drivers/STM32G4xx_HAL_Driver/Src/stm32g4xx_hal_i2c_ex.o
LOAD ./Drivers/STM32G4xx_HAL_Driver/Src/stm32g4xx_hal_iwdg.o
LOAD ./Drivers/STM32G4xx_HAL_Driver/Src/stm32g4xx_hal_pcd.o
LOAD ./Drivers/STM32G4xx_HAL_Driver/Src/stm32g4xx_hal_pcd_ex.o
LOAD ./Drivers/STM32G4xx_HAL_Driver/Src/stm32g4xx_hal_pwr.o
LOAD ./Drivers/STM32G4xx_HAL_Driver/Src/stm32g4xx_hal_pwr_ex.o
LOAD ./Drivers/STM32G4xx_HAL_Driver/Src/stm32g4xx_hal_rcc.o
LOAD ./Drivers/STM32G4xx_HAL_Driver/Src/stm32g4xx_hal_rcc_ex.o
LOAD ./Drivers/STM32G4xx_HAL_Driver/Src/stm32g4xx_hal_spi.o
LOAD ./Drivers/STM32G4xx_HAL_Driver/Src/stm32g4xx_hal_spi_ex.o
LOAD ./Drivers/STM32G4xx_HAL_Driver/Src/stm32g4xx_hal_tim.o
LOAD ./Drivers/STM32G4xx_HAL_Driver/Src/stm32g4xx_hal_tim_ex.o
LOAD ./Drivers/STM32G4xx_HAL_Driver/Src/stm32g4xx_hal_uart.o
LOAD ./Drivers/STM32G4xx_HAL_Driver/Src/stm32g4xx_hal_uart_ex.o
LOAD ./Drivers/STM32G4xx_HAL_Driver/Src/stm32g4xx_ll_adc.o
LOAD ./Drivers/STM32G4xx_HAL_Driver/Src/stm32g4xx_ll_usb.o
START GROUP
LOAD C:/ST/STM32CubeIDE_1.14.0/STM32CubeIDE/plugins/com.st.stm32cube.ide.mcu.externaltools.gnu-tools-for-stm32.11.3.rel1.win32_1.1.100.202309141235/tools/bin/../lib/gcc/arm-none-eabi/11.3.1/../../../../arm-none-eabi/lib/thumb/v7e-m+fp/hard\libstdc++_nano.a
LOAD C:/ST/STM32CubeIDE_1.14.0/STM32CubeIDE/plugins/com.st.stm32cube.ide.mcu.externaltools.gnu-tools-for-stm32.11.3.rel1.win32_1.1.100.202309141235/tools/bin/../lib/gcc/arm-none-eabi/11.3.1/../../../../arm-none-eabi/lib/thumb/v7e-m+fp/hard\libsupc++_nano.a
END GROUP
LOAD C:/ST/STM32CubeIDE_1.14.0/STM32CubeIDE/plugins/com.st.stm32cube.ide.mcu.externaltools.gnu-tools-for-stm32.11.3.rel1.win32_1.1.100.202309141235/tools/bin/../lib/gcc/arm-none-eabi/11.3.1/../../../../arm-none-eabi/lib/thumb/v7e-m+fp/hard\libstdc++_nano.a
LOAD C:/ST/STM32CubeIDE_1.14.0/STM32CubeIDE/plugins/com.st.stm32cube.ide.mcu.externaltools.gnu-tools-for-stm32.11.3.rel1.win32_1.1.100.202309141235/tools/bin/../lib/gcc/arm-none-eabi/11.3.1/../../../../arm-none-eabi/lib/thumb/v7e-m+fp/hard\libm.a
LOAD C:/ST/STM32CubeIDE_1.14.0/STM32CubeIDE/plugins/com.st.stm32cube.ide.mcu.externaltools.gnu-tools-for-stm32.11.3.rel1.win32_1.1.100.202309141235/tools/bin/../lib/gcc/arm-none-eabi/11.3.1/../../../../arm-none-eabi/lib/thumb/v7e-m+fp/hard\libc_nano.a
START GROUP
LOAD C:/ST/STM32CubeIDE_1.14.0/STM32CubeIDE/plugins/com.st.stm32cube.ide.mcu.externaltools.gnu-tools-for-stm32.11.3.rel1.win32_1.1.100.202309141235/tools/bin/../lib/gcc/arm-none-eabi/11.3.1/thumb/v7e-m+fp/hard\libgcc.a
LOAD C:/ST/STM32CubeIDE_1.14.0/STM32CubeIDE/plugins/com.st.stm32cube.ide.mcu.externaltools.gnu-tools-for-stm32.11.3.rel1.win32_1.1.100.202309141235/tools/bin/../lib/gcc/arm-none-eabi/11.3.1/../../../../arm-none-eabi/lib/thumb/v7e-m+fp/hard\libc_nano.a
END GROUP
START GROUP
LOAD C:/ST/STM32CubeIDE_1.14.0/STM32CubeIDE/plugins/com.st.stm32cube.ide.mcu.externaltools.gnu-tools-for-stm32.11.3.rel1.win32_1.1.100.202309141235/tools/bin/../lib/gcc/arm-none-eabi/11.3.1/thumb/v7e-m+fp/hard\libgcc.a
LOAD C:/ST/STM32CubeIDE_1.14.0/STM32CubeIDE/plugins/com.st.stm32cube.ide.mcu.externaltools.gnu-tools-for-stm32.11.3.rel1.win32_1.1.100.202309141235/tools/bin/../lib/gcc/arm-none-eabi/11.3.1/../../../../arm-none-eabi/lib/thumb/v7e-m+fp/hard\libc_nano.a
LOAD C:/ST/STM32CubeIDE_1.14.0/STM32CubeIDE/plugins/com.st.stm32cube.ide.mcu.externaltools.gnu-tools-for-stm32.11.3.rel1.win32_1.1.100.202309141235/tools/bin/../lib/gcc/arm-none-eabi/11.3.1/../../../../arm-none-eabi/lib/thumb/v7e-m+fp/hard\libnosys.a
END GROUP
START GROUP
LOAD C:/ST/STM32CubeIDE_1.14.0/STM32CubeIDE/plugins/com.st.stm32cube.ide.mcu.externaltools.gnu-tools-for-stm32.11.3.rel1.win32_1.1.100.202309141235/tools/bin/../lib/gcc/arm-none-eabi/11.3.1/thumb/v7e-m+fp/hard\libgcc.a
LOAD C:/ST/STM32CubeIDE_1.14.0/STM32CubeIDE/plugins/com.st.stm32cube.ide.mcu.externaltools.gnu-tools-for-stm32.11.3.rel1.win32_1.1.100.202309141235/tools/bin/../lib/gcc/arm-none-eabi/11.3.1/../../../../arm-none-eabi/lib/thumb/v7e-m+fp/hard\libc_nano.a
LOAD C:/ST/STM32CubeIDE_1.14.0/STM32CubeIDE/plugins/com.st.stm32cube.ide.mcu.externaltools.gnu-tools-for-stm32.11.3.rel1.win32_1.1.100.202309141235/tools/bin/../lib/gcc/arm-none-eabi/11.3.1/../../../../arm-none-eabi/lib/thumb/v7e-m+fp/hard\libnosys.a
END GROUP
LOAD C:/ST/STM32CubeIDE_1.14.0/STM32CubeIDE/plugins/com.st.stm32cube.ide.mcu.externaltools.gnu-tools-for-stm32.11.3.rel1.win32_1.1.100.202309141235/tools/bin/../lib/gcc/arm-none-eabi/11.3.1/thumb/v7e-m+fp/hard/crtend.o
LOAD C:/ST/STM32CubeIDE_1.14.0/STM32CubeIDE/plugins/com.st.stm32cube.ide.mcu.externaltools.gnu-tools-for-stm32.11.3.rel1.win32_1.1.100.202309141235/tools/bin/../lib/gcc/arm-none-eabi/11.3.1/thumb/v7e-m+fp/hard/crtn.o
                0x0000000020020000                _estack = (ORIGIN (RAM) + LENGTH (RAM))
                0x0000000000000200                _Min_Heap_Size = 0x200
                0x0000000000000400                _Min_Stack_Size = 0x400

.isr_vector     0x0000000008000000      0x1d8
                0x0000000008000000                . = ALIGN (0x4)
 *(.isr_vector)
 .isr_vector    0x0000000008000000      0x1d8 ./Core/Startup/startup_stm32g474vetx.o
                0x0000000008000000                g_pfnVectors
                0x00000000080001d8                . = ALIGN (0x4)

.text           0x00000000080001d8     0xc660
                0x00000000080001d8                . = ALIGN (0x4)
 *(.text)
 .text          0x00000000080001d8       0x40 C:/ST/STM32CubeIDE_1.14.0/STM32CubeIDE/plugins/com.st.stm32cube.ide.mcu.externaltools.gnu-tools-for-stm32.11.3.rel1.win32_1.1.100.202309141235/tools/bin/../lib/gcc/arm-none-eabi/11.3.1/thumb/v7e-m+fp/hard/crtbegin.o
 .text          0x0000000008000218       0x30 C:/ST/STM32CubeIDE_1.14.0/STM32CubeIDE/plugins/com.st.stm32cube.ide.mcu.externaltools.gnu-tools-for-stm32.11.3.rel1.win32_1.1.100.202309141235/tools/bin/../lib/gcc/arm-none-eabi/11.3.1/thumb/v7e-m+fp/hard\libgcc.a(_aeabi_uldivmod.o)
                0x0000000008000218                __aeabi_uldivmod
 .text          0x0000000008000248      0x2c8 C:/ST/STM32CubeIDE_1.14.0/STM32CubeIDE/plugins/com.st.stm32cube.ide.mcu.externaltools.gnu-tools-for-stm32.11.3.rel1.win32_1.1.100.202309141235/tools/bin/../lib/gcc/arm-none-eabi/11.3.1/thumb/v7e-m+fp/hard\libgcc.a(_udivmoddi4.o)
                0x0000000008000248                __udivmoddi4
 .text          0x0000000008000510        0x4 C:/ST/STM32CubeIDE_1.14.0/STM32CubeIDE/plugins/com.st.stm32cube.ide.mcu.externaltools.gnu-tools-for-stm32.11.3.rel1.win32_1.1.100.202309141235/tools/bin/../lib/gcc/arm-none-eabi/11.3.1/thumb/v7e-m+fp/hard\libgcc.a(_dvmd_tls.o)
                0x0000000008000510                __aeabi_idiv0
                0x0000000008000510                __aeabi_ldiv0
 *(.text*)
 .text.acc_init
                0x0000000008000514       0x90 ./Core/Src/accelerometer.o
                0x0000000008000514                acc_init
 .text.bno055_init
                0x00000000080005a4      0x248 ./Core/Src/bno055.o
                0x00000000080005a4                bno055_init
 .text.bno055_temperature
                0x00000000080007ec       0x66 ./Core/Src/bno055.o
                0x00000000080007ec                bno055_temperature
 *fill*         0x0000000008000852        0x2 
 .text.bno055_acc_x
                0x0000000008000854       0x80 ./Core/Src/bno055.o
                0x0000000008000854                bno055_acc_x
 .text.bno055_acc_y
                0x00000000080008d4       0x80 ./Core/Src/bno055.o
                0x00000000080008d4                bno055_acc_y
 .text.bno055_acc_z
                0x0000000008000954       0x80 ./Core/Src/bno055.o
                0x0000000008000954                bno055_acc_z
 .text.bno055_acc
                0x00000000080009d4       0xcc ./Core/Src/bno055.o
                0x00000000080009d4                bno055_acc
 .text.bno055_linear_acc_x
                0x0000000008000aa0       0x80 ./Core/Src/bno055.o
                0x0000000008000aa0                bno055_linear_acc_x
 .text.bno055_linear_acc_y
                0x0000000008000b20       0x80 ./Core/Src/bno055.o
                0x0000000008000b20                bno055_linear_acc_y
 .text.bno055_linear_acc_z
                0x0000000008000ba0       0x80 ./Core/Src/bno055.o
                0x0000000008000ba0                bno055_linear_acc_z
 .text.bno055_linear_acc
                0x0000000008000c20       0xcc ./Core/Src/bno055.o
                0x0000000008000c20                bno055_linear_acc
 .text.bno055_gyro_x
                0x0000000008000cec       0x80 ./Core/Src/bno055.o
                0x0000000008000cec                bno055_gyro_x
 .text.bno055_gyro_y
                0x0000000008000d6c       0x80 ./Core/Src/bno055.o
                0x0000000008000d6c                bno055_gyro_y
 .text.bno055_gyro_z
                0x0000000008000dec       0x80 ./Core/Src/bno055.o
                0x0000000008000dec                bno055_gyro_z
 .text.bno055_gyro
                0x0000000008000e6c       0xcc ./Core/Src/bno055.o
                0x0000000008000e6c                bno055_gyro
 .text.bno055_mag_x
                0x0000000008000f38       0x6c ./Core/Src/bno055.o
                0x0000000008000f38                bno055_mag_x
 .text.bno055_mag_y
                0x0000000008000fa4       0x6c ./Core/Src/bno055.o
                0x0000000008000fa4                bno055_mag_y
 .text.bno055_mag_z
                0x0000000008001010       0x6c ./Core/Src/bno055.o
                0x0000000008001010                bno055_mag_z
 .text.bno055_mag
                0x000000000800107c       0xb4 ./Core/Src/bno055.o
                0x000000000800107c                bno055_mag
 .text.bno055_gravity_x
                0x0000000008001130       0x84 ./Core/Src/bno055.o
                0x0000000008001130                bno055_gravity_x
 .text.bno055_gravity_y
                0x00000000080011b4       0x84 ./Core/Src/bno055.o
                0x00000000080011b4                bno055_gravity_y
 .text.bno055_gravity_z
                0x0000000008001238       0x84 ./Core/Src/bno055.o
                0x0000000008001238                bno055_gravity_z
 .text.bno055_gravity
                0x00000000080012bc       0xcc ./Core/Src/bno055.o
                0x00000000080012bc                bno055_gravity
 .text.bno055_euler_yaw
                0x0000000008001388       0x84 ./Core/Src/bno055.o
                0x0000000008001388                bno055_euler_yaw
 .text.bno055_euler_roll
                0x000000000800140c       0x84 ./Core/Src/bno055.o
                0x000000000800140c                bno055_euler_roll
 .text.bno055_euler_pitch
                0x0000000008001490       0x84 ./Core/Src/bno055.o
                0x0000000008001490                bno055_euler_pitch
 .text.bno055_euler
                0x0000000008001514       0xcc ./Core/Src/bno055.o
                0x0000000008001514                bno055_euler
 .text.bno055_quaternion_w
                0x00000000080015e0       0x70 ./Core/Src/bno055.o
                0x00000000080015e0                bno055_quaternion_w
 .text.bno055_quaternion_x
                0x0000000008001650       0x70 ./Core/Src/bno055.o
                0x0000000008001650                bno055_quaternion_x
 .text.bno055_quaternion_y
                0x00000000080016c0       0x70 ./Core/Src/bno055.o
                0x00000000080016c0                bno055_quaternion_y
 .text.bno055_quaternion_z
                0x0000000008001730       0x70 ./Core/Src/bno055.o
                0x0000000008001730                bno055_quaternion_z
 .text.bno055_quaternion
                0x00000000080017a0       0xdc ./Core/Src/bno055.o
                0x00000000080017a0                bno055_quaternion
 .text.bno055_acc_conf
                0x000000000800187c       0xd0 ./Core/Src/bno055.o
                0x000000000800187c                bno055_acc_conf
 .text.bno055_gyr_conf
                0x000000000800194c       0xce ./Core/Src/bno055.o
                0x000000000800194c                bno055_gyr_conf
 .text.bno055_mag_conf
                0x0000000008001a1a       0xd0 ./Core/Src/bno055.o
                0x0000000008001a1a                bno055_mag_conf
 .text.bno055_set_opmode
                0x0000000008001aea       0x4e ./Core/Src/bno055.o
                0x0000000008001aea                bno055_set_opmode
 .text.bno055_set_unit
                0x0000000008001b38       0xd0 ./Core/Src/bno055.o
                0x0000000008001b38                bno055_set_unit
 .text.bno055_set_pwr_mode
                0x0000000008001c08       0xba ./Core/Src/bno055.o
                0x0000000008001c08                bno055_set_pwr_mode
 .text.bno055_reset
                0x0000000008001cc2       0x46 ./Core/Src/bno055.o
                0x0000000008001cc2                bno055_reset
 .text.bno055_on
                0x0000000008001d08       0x46 ./Core/Src/bno055.o
                0x0000000008001d08                bno055_on
 .text.bno055_read_regs
                0x0000000008001d4e       0x6c ./Core/Src/bno055.o
                0x0000000008001d4e                bno055_read_regs
 .text.bno055_write_regs
                0x0000000008001dba       0x5a ./Core/Src/bno055.o
                0x0000000008001dba                bno055_write_regs
 .text.bno055_set_page
                0x0000000008001e14       0x6c ./Core/Src/bno055.o
                0x0000000008001e14                bno055_set_page
 .text.a_mcp9600_iic_read
                0x0000000008001e80       0x54 ./Core/Src/driver_mcp9600.o
 .text.a_mcp9600_iic_write
                0x0000000008001ed4       0x72 ./Core/Src/driver_mcp9600.o
 .text.mcp9600_set_addr_pin
                0x0000000008001f46       0x2a ./Core/Src/driver_mcp9600.o
                0x0000000008001f46                mcp9600_set_addr_pin
 .text.mcp9600_init
                0x0000000008001f70      0x11c ./Core/Src/driver_mcp9600.o
                0x0000000008001f70                mcp9600_init
 .text.mcp9600_deinit
                0x000000000800208c       0xb0 ./Core/Src/driver_mcp9600.o
                0x000000000800208c                mcp9600_deinit
 .text.mcp9600_set_cold_junction_resolution
                0x000000000800213c       0x98 ./Core/Src/driver_mcp9600.o
                0x000000000800213c                mcp9600_set_cold_junction_resolution
 .text.mcp9600_set_adc_resolution
                0x00000000080021d4       0x98 ./Core/Src/driver_mcp9600.o
                0x00000000080021d4                mcp9600_set_adc_resolution
 .text.mcp9600_set_mode
                0x000000000800226c       0x90 ./Core/Src/driver_mcp9600.o
                0x000000000800226c                mcp9600_set_mode
 .text.mcp9600_set_thermocouple_type
                0x00000000080022fc       0x98 ./Core/Src/driver_mcp9600.o
                0x00000000080022fc                mcp9600_set_thermocouple_type
 .text.mcp9600_set_filter_coefficient
                0x0000000008002394       0x90 ./Core/Src/driver_mcp9600.o
                0x0000000008002394                mcp9600_set_filter_coefficient
 .text.mcp9600_interface_iic_init
                0x0000000008002424       0x10 ./Core/Src/driver_mcp9600_interface_stm32.o
                0x0000000008002424                mcp9600_interface_iic_init
 .text.mcp9600_interface_iic_deinit
                0x0000000008002434       0x10 ./Core/Src/driver_mcp9600_interface_stm32.o
                0x0000000008002434                mcp9600_interface_iic_deinit
 .text.mcp9600_interface_iic_write_cmd
                0x0000000008002444       0x2c ./Core/Src/driver_mcp9600_interface_stm32.o
                0x0000000008002444                mcp9600_interface_iic_write_cmd
 .text.mcp9600_interface_iic_read_cmd
                0x0000000008002470       0x2c ./Core/Src/driver_mcp9600_interface_stm32.o
                0x0000000008002470                mcp9600_interface_iic_read_cmd
 .text.mcp9600_interface_delay_ms
                0x000000000800249c       0x16 ./Core/Src/driver_mcp9600_interface_stm32.o
                0x000000000800249c                mcp9600_interface_delay_ms
 .text.mcp9600_interface_debug_print
                0x00000000080024b2       0x12 ./Core/Src/driver_mcp9600_interface_stm32.o
                0x00000000080024b2                mcp9600_interface_debug_print
 .text.Run_State
                0x00000000080024c4       0x9c ./Core/Src/main.o
                0x00000000080024c4                Run_State
 .text.main     0x0000000008002560       0x68 ./Core/Src/main.o
                0x0000000008002560                main
 .text.SystemClock_Config
                0x00000000080025c8       0xac ./Core/Src/main.o
                0x00000000080025c8                SystemClock_Config
 .text.MX_ADC1_Init
                0x0000000008002674      0x138 ./Core/Src/main.o
 .text.MX_ADC5_Init
                0x00000000080027ac       0xcc ./Core/Src/main.o
 .text.MX_FDCAN1_Init
                0x0000000008002878       0x90 ./Core/Src/main.o
 .text.MX_FDCAN2_Init
                0x0000000008002908       0x90 ./Core/Src/main.o
 .text.MX_FDCAN3_Init
                0x0000000008002998       0x90 ./Core/Src/main.o
 .text.MX_I2C1_Init
                0x0000000008002a28       0x80 ./Core/Src/main.o
 .text.MX_I2C2_Init
                0x0000000008002aa8       0x80 ./Core/Src/main.o
 .text.MX_I2C3_Init
                0x0000000008002b28       0x80 ./Core/Src/main.o
 .text.MX_IWDG_Init
                0x0000000008002ba8       0x3c ./Core/Src/main.o
 .text.MX_LPUART1_UART_Init
                0x0000000008002be4       0x98 ./Core/Src/main.o
 .text.MX_SPI1_Init
                0x0000000008002c7c       0x7c ./Core/Src/main.o
 .text.MX_SPI3_Init
                0x0000000008002cf8       0x7c ./Core/Src/main.o
 .text.MX_TIM2_Init
                0x0000000008002d74       0x9c ./Core/Src/main.o
 .text.MX_USB_PCD_Init
                0x0000000008002e10       0x50 ./Core/Src/main.o
 .text.MX_DMA_Init
                0x0000000008002e60       0x94 ./Core/Src/main.o
 .text.MX_GPIO_Init
                0x0000000008002ef4      0x1a0 ./Core/Src/main.o
 .text.Error_Handler
                0x0000000008003094        0xa ./Core/Src/main.o
                0x0000000008003094                Error_Handler
 *fill*         0x000000000800309e        0x2 
 .text.HV_on    0x00000000080030a0       0x6c ./Core/Src/relay.o
                0x00000000080030a0                HV_on
 .text.HAL_MspInit
                0x000000000800310c       0x48 ./Core/Src/stm32g4xx_hal_msp.o
                0x000000000800310c                HAL_MspInit
 .text.HAL_ADC_MspInit
                0x0000000008003154      0x1e0 ./Core/Src/stm32g4xx_hal_msp.o
                0x0000000008003154                HAL_ADC_MspInit
 .text.HAL_FDCAN_MspInit
                0x0000000008003334      0x200 ./Core/Src/stm32g4xx_hal_msp.o
                0x0000000008003334                HAL_FDCAN_MspInit
 .text.HAL_I2C_MspInit
                0x0000000008003534      0x368 ./Core/Src/stm32g4xx_hal_msp.o
                0x0000000008003534                HAL_I2C_MspInit
 .text.HAL_UART_MspInit
                0x000000000800389c       0xf0 ./Core/Src/stm32g4xx_hal_msp.o
                0x000000000800389c                HAL_UART_MspInit
 .text.HAL_SPI_MspInit
                0x000000000800398c       0xec ./Core/Src/stm32g4xx_hal_msp.o
                0x000000000800398c                HAL_SPI_MspInit
 .text.HAL_TIM_Base_MspInit
                0x0000000008003a78       0x48 ./Core/Src/stm32g4xx_hal_msp.o
                0x0000000008003a78                HAL_TIM_Base_MspInit
 .text.HAL_PCD_MspInit
                0x0000000008003ac0       0x68 ./Core/Src/stm32g4xx_hal_msp.o
                0x0000000008003ac0                HAL_PCD_MspInit
 .text.NMI_Handler
                0x0000000008003b28        0xa ./Core/Src/stm32g4xx_it.o
                0x0000000008003b28                NMI_Handler
 .text.HardFault_Handler
                0x0000000008003b32        0x6 ./Core/Src/stm32g4xx_it.o
                0x0000000008003b32                HardFault_Handler
 .text.MemManage_Handler
                0x0000000008003b38        0x6 ./Core/Src/stm32g4xx_it.o
                0x0000000008003b38                MemManage_Handler
 .text.BusFault_Handler
                0x0000000008003b3e        0x6 ./Core/Src/stm32g4xx_it.o
                0x0000000008003b3e                BusFault_Handler
 .text.UsageFault_Handler
                0x0000000008003b44        0x6 ./Core/Src/stm32g4xx_it.o
                0x0000000008003b44                UsageFault_Handler
 .text.SVC_Handler
                0x0000000008003b4a        0xe ./Core/Src/stm32g4xx_it.o
                0x0000000008003b4a                SVC_Handler
 .text.DebugMon_Handler
                0x0000000008003b58        0xe ./Core/Src/stm32g4xx_it.o
                0x0000000008003b58                DebugMon_Handler
 .text.PendSV_Handler
                0x0000000008003b66        0xe ./Core/Src/stm32g4xx_it.o
                0x0000000008003b66                PendSV_Handler
 .text.SysTick_Handler
                0x0000000008003b74        0xc ./Core/Src/stm32g4xx_it.o
                0x0000000008003b74                SysTick_Handler
 .text.DMA1_Channel1_IRQHandler
                0x0000000008003b80       0x14 ./Core/Src/stm32g4xx_it.o
                0x0000000008003b80                DMA1_Channel1_IRQHandler
 .text.DMA1_Channel2_IRQHandler
                0x0000000008003b94       0x14 ./Core/Src/stm32g4xx_it.o
                0x0000000008003b94                DMA1_Channel2_IRQHandler
 .text.DMA1_Channel3_IRQHandler
                0x0000000008003ba8       0x14 ./Core/Src/stm32g4xx_it.o
                0x0000000008003ba8                DMA1_Channel3_IRQHandler
 .text.DMA1_Channel4_IRQHandler
                0x0000000008003bbc       0x14 ./Core/Src/stm32g4xx_it.o
                0x0000000008003bbc                DMA1_Channel4_IRQHandler
 .text.DMA1_Channel5_IRQHandler
                0x0000000008003bd0       0x14 ./Core/Src/stm32g4xx_it.o
                0x0000000008003bd0                DMA1_Channel5_IRQHandler
 .text.TIM2_IRQHandler
                0x0000000008003be4       0x1c ./Core/Src/stm32g4xx_it.o
                0x0000000008003be4                TIM2_IRQHandler
 .text._read    0x0000000008003c00       0x3a ./Core/Src/syscalls.o
                0x0000000008003c00                _read
 .text._write   0x0000000008003c3a       0x38 ./Core/Src/syscalls.o
                0x0000000008003c3a                _write
 .text._close   0x0000000008003c72       0x18 ./Core/Src/syscalls.o
                0x0000000008003c72                _close
 .text._fstat   0x0000000008003c8a       0x20 ./Core/Src/syscalls.o
                0x0000000008003c8a                _fstat
 .text._isatty  0x0000000008003caa       0x16 ./Core/Src/syscalls.o
                0x0000000008003caa                _isatty
 .text._lseek   0x0000000008003cc0       0x1a ./Core/Src/syscalls.o
                0x0000000008003cc0                _lseek
 *fill*         0x0000000008003cda        0x2 
 .text._sbrk    0x0000000008003cdc       0x6c ./Core/Src/sysmem.o
                0x0000000008003cdc                _sbrk
 .text.SystemInit
                0x0000000008003d48       0x24 ./Core/Src/system_stm32g4xx.o
                0x0000000008003d48                SystemInit
 .text.i2c_temp_init
                0x0000000008003d6c      0x138 ./Core/Src/temperature.o
                0x0000000008003d6c                i2c_temp_init
 .text.tempsensor_init
                0x0000000008003ea4       0xcc ./Core/Src/temperature.o
                0x0000000008003ea4                tempsensor_init
 .text.HAL_ADC_ConvCpltCallback
                0x0000000008003f70       0x40 ./Core/Src/temperature.o
                0x0000000008003f70                HAL_ADC_ConvCpltCallback
 .text.Reset_Handler
                0x0000000008003fb0       0x50 ./Core/Startup/startup_stm32g474vetx.o
                0x0000000008003fb0                Reset_Handler
 .text.Default_Handler
                0x0000000008004000        0x2 ./Core/Startup/startup_stm32g474vetx.o
                0x0000000008004000                RTC_Alarm_IRQHandler
                0x0000000008004000                EXTI2_IRQHandler
                0x0000000008004000                TIM8_TRG_COM_IRQHandler
                0x0000000008004000                TIM8_CC_IRQHandler
                0x0000000008004000                HRTIM1_Master_IRQHandler
                0x0000000008004000                SPI4_IRQHandler
                0x0000000008004000                FDCAN3_IT0_IRQHandler
                0x0000000008004000                TIM1_CC_IRQHandler
                0x0000000008004000                HRTIM1_FLT_IRQHandler
                0x0000000008004000                HRTIM1_TIMF_IRQHandler
                0x0000000008004000                USB_HP_IRQHandler
                0x0000000008004000                CORDIC_IRQHandler
                0x0000000008004000                HRTIM1_TIMD_IRQHandler
                0x0000000008004000                DMA2_Channel8_IRQHandler
                0x0000000008004000                EXTI3_IRQHandler
                0x0000000008004000                I2C3_ER_IRQHandler
                0x0000000008004000                EXTI0_IRQHandler
                0x0000000008004000                I2C2_EV_IRQHandler
                0x0000000008004000                FPU_IRQHandler
                0x0000000008004000                FDCAN1_IT1_IRQHandler
                0x0000000008004000                TIM1_UP_TIM16_IRQHandler
                0x0000000008004000                ADC1_2_IRQHandler
                0x0000000008004000                HRTIM1_TIME_IRQHandler
                0x0000000008004000                SPI1_IRQHandler
                0x0000000008004000                TIM6_DAC_IRQHandler
                0x0000000008004000                HRTIM1_TIMC_IRQHandler
                0x0000000008004000                TIM8_UP_IRQHandler
                0x0000000008004000                DMA2_Channel2_IRQHandler
                0x0000000008004000                TIM20_TRG_COM_IRQHandler
                0x0000000008004000                USART3_IRQHandler
                0x0000000008004000                DMA1_Channel7_IRQHandler
                0x0000000008004000                UART5_IRQHandler
                0x0000000008004000                ADC3_IRQHandler
                0x0000000008004000                TIM4_IRQHandler
                0x0000000008004000                DMA2_Channel1_IRQHandler
                0x0000000008004000                QUADSPI_IRQHandler
                0x0000000008004000                I2C1_EV_IRQHandler
                0x0000000008004000                DMA1_Channel6_IRQHandler
                0x0000000008004000                UART4_IRQHandler
                0x0000000008004000                DMA2_Channel4_IRQHandler
                0x0000000008004000                TIM3_IRQHandler
                0x0000000008004000                RCC_IRQHandler
                0x0000000008004000                TIM20_UP_IRQHandler
                0x0000000008004000                Default_Handler
                0x0000000008004000                DMA2_Channel7_IRQHandler
                0x0000000008004000                RTC_TAMP_LSECSS_IRQHandler
                0x0000000008004000                FMAC_IRQHandler
                0x0000000008004000                EXTI15_10_IRQHandler
                0x0000000008004000                DMA1_Channel8_IRQHandler
                0x0000000008004000                HRTIM1_TIMA_IRQHandler
                0x0000000008004000                TIM7_DAC_IRQHandler
                0x0000000008004000                FDCAN3_IT1_IRQHandler
                0x0000000008004000                TIM5_IRQHandler
                0x0000000008004000                UCPD1_IRQHandler
                0x0000000008004000                I2C3_EV_IRQHandler
                0x0000000008004000                EXTI9_5_IRQHandler
                0x0000000008004000                RTC_WKUP_IRQHandler
                0x0000000008004000                PVD_PVM_IRQHandler
                0x0000000008004000                SPI2_IRQHandler
                0x0000000008004000                ADC5_IRQHandler
                0x0000000008004000                DMA2_Channel5_IRQHandler
                0x0000000008004000                CRS_IRQHandler
                0x0000000008004000                USB_LP_IRQHandler
                0x0000000008004000                EXTI4_IRQHandler
                0x0000000008004000                RNG_IRQHandler
                0x0000000008004000                HRTIM1_TIMB_IRQHandler
                0x0000000008004000                TIM1_TRG_COM_TIM17_IRQHandler
                0x0000000008004000                FDCAN2_IT1_IRQHandler
                0x0000000008004000                ADC4_IRQHandler
                0x0000000008004000                WWDG_IRQHandler
                0x0000000008004000                I2C4_EV_IRQHandler
                0x0000000008004000                FDCAN2_IT0_IRQHandler
                0x0000000008004000                LPUART1_IRQHandler
                0x0000000008004000                DMA2_Channel6_IRQHandler
                0x0000000008004000                FDCAN1_IT0_IRQHandler
                0x0000000008004000                COMP7_IRQHandler
                0x0000000008004000                COMP1_2_3_IRQHandler
                0x0000000008004000                EXTI1_IRQHandler
                0x0000000008004000                USART2_IRQHandler
                0x0000000008004000                COMP4_5_6_IRQHandler
                0x0000000008004000                TIM20_BRK_IRQHandler
                0x0000000008004000                I2C2_ER_IRQHandler
                0x0000000008004000                TIM8_BRK_IRQHandler
                0x0000000008004000                FLASH_IRQHandler
                0x0000000008004000                TIM20_CC_IRQHandler
                0x0000000008004000                USART1_IRQHandler
                0x0000000008004000                SPI3_IRQHandler
                0x0000000008004000                I2C1_ER_IRQHandler
                0x0000000008004000                FMC_IRQHandler
                0x0000000008004000                LPTIM1_IRQHandler
                0x0000000008004000                DMAMUX_OVR_IRQHandler
                0x0000000008004000                I2C4_ER_IRQHandler
                0x0000000008004000                USBWakeUp_IRQHandler
                0x0000000008004000                SAI1_IRQHandler
                0x0000000008004000                DMA2_Channel3_IRQHandler
                0x0000000008004000                TIM1_BRK_TIM15_IRQHandler
 .text.HAL_Init
                0x0000000008004002       0x30 ./Drivers/STM32G4xx_HAL_Driver/Src/stm32g4xx_hal.o
                0x0000000008004002                HAL_Init
 *fill*         0x0000000008004032        0x2 
 .text.HAL_InitTick
                0x0000000008004034       0x74 ./Drivers/STM32G4xx_HAL_Driver/Src/stm32g4xx_hal.o
                0x0000000008004034                HAL_InitTick
 .text.HAL_IncTick
                0x00000000080040a8       0x24 ./Drivers/STM32G4xx_HAL_Driver/Src/stm32g4xx_hal.o
                0x00000000080040a8                HAL_IncTick
 .text.HAL_GetTick
                0x00000000080040cc       0x18 ./Drivers/STM32G4xx_HAL_Driver/Src/stm32g4xx_hal.o
                0x00000000080040cc                HAL_GetTick
 .text.HAL_Delay
                0x00000000080040e4       0x44 ./Drivers/STM32G4xx_HAL_Driver/Src/stm32g4xx_hal.o
                0x00000000080040e4                HAL_Delay
 .text.LL_ADC_SetCommonClock
                0x0000000008004128       0x26 ./Drivers/STM32G4xx_HAL_Driver/Src/stm32g4xx_hal_adc.o
 .text.LL_ADC_SetCommonPathInternalCh
                0x000000000800414e       0x26 ./Drivers/STM32G4xx_HAL_Driver/Src/stm32g4xx_hal_adc.o
 .text.LL_ADC_GetCommonPathInternalCh
                0x0000000008004174       0x1c ./Drivers/STM32G4xx_HAL_Driver/Src/stm32g4xx_hal_adc.o
 .text.LL_ADC_SetOffset
                0x0000000008004190       0x48 ./Drivers/STM32G4xx_HAL_Driver/Src/stm32g4xx_hal_adc.o
 .text.LL_ADC_GetOffsetChannel
                0x00000000080041d8       0x2c ./Drivers/STM32G4xx_HAL_Driver/Src/stm32g4xx_hal_adc.o
 .text.LL_ADC_SetOffsetState
                0x0000000008004204       0x36 ./Drivers/STM32G4xx_HAL_Driver/Src/stm32g4xx_hal_adc.o
 .text.LL_ADC_SetOffsetSign
                0x000000000800423a       0x36 ./Drivers/STM32G4xx_HAL_Driver/Src/stm32g4xx_hal_adc.o
 .text.LL_ADC_SetOffsetSaturation
                0x0000000008004270       0x36 ./Drivers/STM32G4xx_HAL_Driver/Src/stm32g4xx_hal_adc.o
 .text.LL_ADC_SetSamplingTimeCommonConfig
                0x00000000080042a6       0x26 ./Drivers/STM32G4xx_HAL_Driver/Src/stm32g4xx_hal_adc.o
 .text.LL_ADC_REG_IsTriggerSourceSWStart
                0x00000000080042cc       0x26 ./Drivers/STM32G4xx_HAL_Driver/Src/stm32g4xx_hal_adc.o
 .text.LL_ADC_REG_SetSequencerRanks
                0x00000000080042f2       0x58 ./Drivers/STM32G4xx_HAL_Driver/Src/stm32g4xx_hal_adc.o
 .text.LL_ADC_SetChannelSamplingTime
                0x000000000800434a       0x56 ./Drivers/STM32G4xx_HAL_Driver/Src/stm32g4xx_hal_adc.o
 .text.LL_ADC_SetChannelSingleDiff
                0x00000000080043a0       0x48 ./Drivers/STM32G4xx_HAL_Driver/Src/stm32g4xx_hal_adc.o
 .text.LL_ADC_GetMultimode
                0x00000000080043e8       0x1c ./Drivers/STM32G4xx_HAL_Driver/Src/stm32g4xx_hal_adc.o
 .text.LL_ADC_DisableDeepPowerDown
                0x0000000008004404       0x24 ./Drivers/STM32G4xx_HAL_Driver/Src/stm32g4xx_hal_adc.o
 .text.LL_ADC_IsDeepPowerDownEnabled
                0x0000000008004428       0x28 ./Drivers/STM32G4xx_HAL_Driver/Src/stm32g4xx_hal_adc.o
 .text.LL_ADC_EnableInternalRegulator
                0x0000000008004450       0x28 ./Drivers/STM32G4xx_HAL_Driver/Src/stm32g4xx_hal_adc.o
 .text.LL_ADC_IsInternalRegulatorEnabled
                0x0000000008004478       0x28 ./Drivers/STM32G4xx_HAL_Driver/Src/stm32g4xx_hal_adc.o
 .text.LL_ADC_Enable
                0x00000000080044a0       0x28 ./Drivers/STM32G4xx_HAL_Driver/Src/stm32g4xx_hal_adc.o
 .text.LL_ADC_IsEnabled
                0x00000000080044c8       0x26 ./Drivers/STM32G4xx_HAL_Driver/Src/stm32g4xx_hal_adc.o
 .text.LL_ADC_REG_StartConversion
                0x00000000080044ee       0x28 ./Drivers/STM32G4xx_HAL_Driver/Src/stm32g4xx_hal_adc.o
 .text.LL_ADC_REG_IsConversionOngoing
                0x0000000008004516       0x26 ./Drivers/STM32G4xx_HAL_Driver/Src/stm32g4xx_hal_adc.o
 .text.LL_ADC_INJ_IsConversionOngoing
                0x000000000800453c       0x26 ./Drivers/STM32G4xx_HAL_Driver/Src/stm32g4xx_hal_adc.o
 *fill*         0x0000000008004562        0x2 
 .text.HAL_ADC_Init
                0x0000000008004564      0x378 ./Drivers/STM32G4xx_HAL_Driver/Src/stm32g4xx_hal_adc.o
                0x0000000008004564                HAL_ADC_Init
 .text.HAL_ADC_Start_DMA
                0x00000000080048dc      0x1a8 ./Drivers/STM32G4xx_HAL_Driver/Src/stm32g4xx_hal_adc.o
                0x00000000080048dc                HAL_ADC_Start_DMA
 .text.HAL_ADC_ConvHalfCpltCallback
                0x0000000008004a84       0x14 ./Drivers/STM32G4xx_HAL_Driver/Src/stm32g4xx_hal_adc.o
                0x0000000008004a84                HAL_ADC_ConvHalfCpltCallback
 .text.HAL_ADC_ErrorCallback
                0x0000000008004a98       0x14 ./Drivers/STM32G4xx_HAL_Driver/Src/stm32g4xx_hal_adc.o
                0x0000000008004a98                HAL_ADC_ErrorCallback
 .text.HAL_ADC_ConfigChannel
                0x0000000008004aac      0x880 ./Drivers/STM32G4xx_HAL_Driver/Src/stm32g4xx_hal_adc.o
                0x0000000008004aac                HAL_ADC_ConfigChannel
 .text.ADC_Enable
                0x000000000800532c      0x12c ./Drivers/STM32G4xx_HAL_Driver/Src/stm32g4xx_hal_adc.o
                0x000000000800532c                ADC_Enable
 .text.ADC_DMAConvCplt
                0x0000000008005458       0xd8 ./Drivers/STM32G4xx_HAL_Driver/Src/stm32g4xx_hal_adc.o
                0x0000000008005458                ADC_DMAConvCplt
 .text.ADC_DMAHalfConvCplt
                0x0000000008005530       0x1c ./Drivers/STM32G4xx_HAL_Driver/Src/stm32g4xx_hal_adc.o
                0x0000000008005530                ADC_DMAHalfConvCplt
 .text.ADC_DMAError
                0x000000000800554c       0x34 ./Drivers/STM32G4xx_HAL_Driver/Src/stm32g4xx_hal_adc.o
                0x000000000800554c                ADC_DMAError
 .text.LL_ADC_IsEnabled
                0x0000000008005580       0x26 ./Drivers/STM32G4xx_HAL_Driver/Src/stm32g4xx_hal_adc_ex.o
 .text.LL_ADC_REG_IsConversionOngoing
                0x00000000080055a6       0x26 ./Drivers/STM32G4xx_HAL_Driver/Src/stm32g4xx_hal_adc_ex.o
 .text.HAL_ADCEx_MultiModeConfigChannel
                0x00000000080055cc      0x210 ./Drivers/STM32G4xx_HAL_Driver/Src/stm32g4xx_hal_adc_ex.o
                0x00000000080055cc                HAL_ADCEx_MultiModeConfigChannel
 .text.__NVIC_SetPriorityGrouping
                0x00000000080057dc       0x48 ./Drivers/STM32G4xx_HAL_Driver/Src/stm32g4xx_hal_cortex.o
 .text.__NVIC_GetPriorityGrouping
                0x0000000008005824       0x1c ./Drivers/STM32G4xx_HAL_Driver/Src/stm32g4xx_hal_cortex.o
 .text.__NVIC_EnableIRQ
                0x0000000008005840       0x3c ./Drivers/STM32G4xx_HAL_Driver/Src/stm32g4xx_hal_cortex.o
 .text.__NVIC_SetPriority
                0x000000000800587c       0x54 ./Drivers/STM32G4xx_HAL_Driver/Src/stm32g4xx_hal_cortex.o
 .text.NVIC_EncodePriority
                0x00000000080058d0       0x66 ./Drivers/STM32G4xx_HAL_Driver/Src/stm32g4xx_hal_cortex.o
 *fill*         0x0000000008005936        0x2 
 .text.SysTick_Config
                0x0000000008005938       0x44 ./Drivers/STM32G4xx_HAL_Driver/Src/stm32g4xx_hal_cortex.o
 .text.HAL_NVIC_SetPriorityGrouping
                0x000000000800597c       0x16 ./Drivers/STM32G4xx_HAL_Driver/Src/stm32g4xx_hal_cortex.o
                0x000000000800597c                HAL_NVIC_SetPriorityGrouping
 .text.HAL_NVIC_SetPriority
                0x0000000008005992       0x34 ./Drivers/STM32G4xx_HAL_Driver/Src/stm32g4xx_hal_cortex.o
                0x0000000008005992                HAL_NVIC_SetPriority
 .text.HAL_NVIC_EnableIRQ
                0x00000000080059c6       0x1c ./Drivers/STM32G4xx_HAL_Driver/Src/stm32g4xx_hal_cortex.o
                0x00000000080059c6                HAL_NVIC_EnableIRQ
 .text.HAL_SYSTICK_Config
                0x00000000080059e2       0x18 ./Drivers/STM32G4xx_HAL_Driver/Src/stm32g4xx_hal_cortex.o
                0x00000000080059e2                HAL_SYSTICK_Config
 *fill*         0x00000000080059fa        0x2 
 .text.HAL_DMA_Init
                0x00000000080059fc      0x150 ./Drivers/STM32G4xx_HAL_Driver/Src/stm32g4xx_hal_dma.o
                0x00000000080059fc                HAL_DMA_Init
 .text.HAL_DMA_Start_IT
                0x0000000008005b4c       0xf6 ./Drivers/STM32G4xx_HAL_Driver/Src/stm32g4xx_hal_dma.o
                0x0000000008005b4c                HAL_DMA_Start_IT
 .text.HAL_DMA_Abort_IT
                0x0000000008005c42       0xce ./Drivers/STM32G4xx_HAL_Driver/Src/stm32g4xx_hal_dma.o
                0x0000000008005c42                HAL_DMA_Abort_IT
 .text.HAL_DMA_IRQHandler
                0x0000000008005d10      0x15e ./Drivers/STM32G4xx_HAL_Driver/Src/stm32g4xx_hal_dma.o
                0x0000000008005d10                HAL_DMA_IRQHandler
 .text.HAL_DMA_GetState
                0x0000000008005e6e       0x1c ./Drivers/STM32G4xx_HAL_Driver/Src/stm32g4xx_hal_dma.o
                0x0000000008005e6e                HAL_DMA_GetState
 .text.DMA_SetConfig
                0x0000000008005e8a       0x7c ./Drivers/STM32G4xx_HAL_Driver/Src/stm32g4xx_hal_dma.o
 *fill*         0x0000000008005f06        0x2 
 .text.DMA_CalcDMAMUXChannelBaseAndMask
                0x0000000008005f08       0x7c ./Drivers/STM32G4xx_HAL_Driver/Src/stm32g4xx_hal_dma.o
 .text.DMA_CalcDMAMUXRequestGenBaseAndMask
                0x0000000008005f84       0x48 ./Drivers/STM32G4xx_HAL_Driver/Src/stm32g4xx_hal_dma.o
 .text.HAL_FDCAN_Init
                0x0000000008005fcc      0x2b4 ./Drivers/STM32G4xx_HAL_Driver/Src/stm32g4xx_hal_fdcan.o
                0x0000000008005fcc                HAL_FDCAN_Init
 .text.FDCAN_CalcultateRamBlockAddresses
                0x0000000008006280       0xd8 ./Drivers/STM32G4xx_HAL_Driver/Src/stm32g4xx_hal_fdcan.o
 .text.HAL_GPIO_Init
                0x0000000008006358      0x304 ./Drivers/STM32G4xx_HAL_Driver/Src/stm32g4xx_hal_gpio.o
                0x0000000008006358                HAL_GPIO_Init
 .text.HAL_GPIO_WritePin
                0x000000000800665c       0x30 ./Drivers/STM32G4xx_HAL_Driver/Src/stm32g4xx_hal_gpio.o
                0x000000000800665c                HAL_GPIO_WritePin
 .text.HAL_I2C_Init
                0x000000000800668c      0x136 ./Drivers/STM32G4xx_HAL_Driver/Src/stm32g4xx_hal_i2c.o
                0x000000000800668c                HAL_I2C_Init
 *fill*         0x00000000080067c2        0x2 
 .text.HAL_I2C_Master_Transmit
                0x00000000080067c4      0x230 ./Drivers/STM32G4xx_HAL_Driver/Src/stm32g4xx_hal_i2c.o
                0x00000000080067c4                HAL_I2C_Master_Transmit
 .text.HAL_I2C_Master_Receive
                0x00000000080069f4      0x1ec ./Drivers/STM32G4xx_HAL_Driver/Src/stm32g4xx_hal_i2c.o
                0x00000000080069f4                HAL_I2C_Master_Receive
 .text.HAL_I2C_Master_Transmit_DMA
                0x0000000008006be0      0x228 ./Drivers/STM32G4xx_HAL_Driver/Src/stm32g4xx_hal_i2c.o
                0x0000000008006be0                HAL_I2C_Master_Transmit_DMA
 .text.HAL_I2C_Master_Receive_DMA
                0x0000000008006e08      0x1e0 ./Drivers/STM32G4xx_HAL_Driver/Src/stm32g4xx_hal_i2c.o
                0x0000000008006e08                HAL_I2C_Master_Receive_DMA
 .text.HAL_I2C_Mem_Write
                0x0000000008006fe8      0x228 ./Drivers/STM32G4xx_HAL_Driver/Src/stm32g4xx_hal_i2c.o
                0x0000000008006fe8                HAL_I2C_Mem_Write
 .text.HAL_I2C_MasterTxCpltCallback
                0x0000000008007210       0x14 ./Drivers/STM32G4xx_HAL_Driver/Src/stm32g4xx_hal_i2c.o
                0x0000000008007210                HAL_I2C_MasterTxCpltCallback
 .text.HAL_I2C_MasterRxCpltCallback
                0x0000000008007224       0x14 ./Drivers/STM32G4xx_HAL_Driver/Src/stm32g4xx_hal_i2c.o
                0x0000000008007224                HAL_I2C_MasterRxCpltCallback
 .text.HAL_I2C_SlaveTxCpltCallback
                0x0000000008007238       0x14 ./Drivers/STM32G4xx_HAL_Driver/Src/stm32g4xx_hal_i2c.o
                0x0000000008007238                HAL_I2C_SlaveTxCpltCallback
 .text.HAL_I2C_SlaveRxCpltCallback
                0x000000000800724c       0x14 ./Drivers/STM32G4xx_HAL_Driver/Src/stm32g4xx_hal_i2c.o
                0x000000000800724c                HAL_I2C_SlaveRxCpltCallback
 .text.HAL_I2C_AddrCallback
                0x0000000008007260       0x1c ./Drivers/STM32G4xx_HAL_Driver/Src/stm32g4xx_hal_i2c.o
                0x0000000008007260                HAL_I2C_AddrCallback
 .text.HAL_I2C_ListenCpltCallback
                0x000000000800727c       0x14 ./Drivers/STM32G4xx_HAL_Driver/Src/stm32g4xx_hal_i2c.o
                0x000000000800727c                HAL_I2C_ListenCpltCallback
 .text.HAL_I2C_MemTxCpltCallback
                0x0000000008007290       0x14 ./Drivers/STM32G4xx_HAL_Driver/Src/stm32g4xx_hal_i2c.o
                0x0000000008007290                HAL_I2C_MemTxCpltCallback
 .text.HAL_I2C_MemRxCpltCallback
                0x00000000080072a4       0x14 ./Drivers/STM32G4xx_HAL_Driver/Src/stm32g4xx_hal_i2c.o
                0x00000000080072a4                HAL_I2C_MemRxCpltCallback
 .text.HAL_I2C_ErrorCallback
                0x00000000080072b8       0x14 ./Drivers/STM32G4xx_HAL_Driver/Src/stm32g4xx_hal_i2c.o
                0x00000000080072b8                HAL_I2C_ErrorCallback
 .text.HAL_I2C_AbortCpltCallback
                0x00000000080072cc       0x14 ./Drivers/STM32G4xx_HAL_Driver/Src/stm32g4xx_hal_i2c.o
                0x00000000080072cc                HAL_I2C_AbortCpltCallback
 .text.I2C_Master_ISR_IT
                0x00000000080072e0      0x24e ./Drivers/STM32G4xx_HAL_Driver/Src/stm32g4xx_hal_i2c.o
 .text.I2C_Slave_ISR_IT
                0x000000000800752e      0x1f2 ./Drivers/STM32G4xx_HAL_Driver/Src/stm32g4xx_hal_i2c.o
 .text.I2C_Master_ISR_DMA
                0x0000000008007720      0x1d6 ./Drivers/STM32G4xx_HAL_Driver/Src/stm32g4xx_hal_i2c.o
 *fill*         0x00000000080078f6        0x2 
 .text.I2C_Mem_ISR_DMA
                0x00000000080078f8      0x24c ./Drivers/STM32G4xx_HAL_Driver/Src/stm32g4xx_hal_i2c.o
 .text.I2C_Slave_ISR_DMA
                0x0000000008007b44      0x1ae ./Drivers/STM32G4xx_HAL_Driver/Src/stm32g4xx_hal_i2c.o
 *fill*         0x0000000008007cf2        0x2 
 .text.I2C_RequestMemoryWrite
                0x0000000008007cf4       0xa8 ./Drivers/STM32G4xx_HAL_Driver/Src/stm32g4xx_hal_i2c.o
 .text.I2C_ITAddrCplt
                0x0000000008007d9c      0x108 ./Drivers/STM32G4xx_HAL_Driver/Src/stm32g4xx_hal_i2c.o
 .text.I2C_ITMasterSeqCplt
                0x0000000008007ea4       0x7a ./Drivers/STM32G4xx_HAL_Driver/Src/stm32g4xx_hal_i2c.o
 .text.I2C_ITSlaveSeqCplt
                0x0000000008007f1e       0xb8 ./Drivers/STM32G4xx_HAL_Driver/Src/stm32g4xx_hal_i2c.o
 *fill*         0x0000000008007fd6        0x2 
 .text.I2C_ITMasterCplt
                0x0000000008007fd8      0x190 ./Drivers/STM32G4xx_HAL_Driver/Src/stm32g4xx_hal_i2c.o
 .text.I2C_ITSlaveCplt
                0x0000000008008168      0x2c8 ./Drivers/STM32G4xx_HAL_Driver/Src/stm32g4xx_hal_i2c.o
 .text.I2C_ITListenCplt
                0x0000000008008430       0xa8 ./Drivers/STM32G4xx_HAL_Driver/Src/stm32g4xx_hal_i2c.o
 .text.I2C_ITError
                0x00000000080084d8      0x1e0 ./Drivers/STM32G4xx_HAL_Driver/Src/stm32g4xx_hal_i2c.o
 .text.I2C_TreatErrorCallback
                0x00000000080086b8       0x4e ./Drivers/STM32G4xx_HAL_Driver/Src/stm32g4xx_hal_i2c.o
 .text.I2C_Flush_TXDR
                0x0000000008008706       0x48 ./Drivers/STM32G4xx_HAL_Driver/Src/stm32g4xx_hal_i2c.o
 .text.I2C_DMAMasterTransmitCplt
                0x000000000800874e       0x96 ./Drivers/STM32G4xx_HAL_Driver/Src/stm32g4xx_hal_i2c.o
 .text.I2C_DMAMasterReceiveCplt
                0x00000000080087e4       0x96 ./Drivers/STM32G4xx_HAL_Driver/Src/stm32g4xx_hal_i2c.o
 .text.I2C_DMAError
                0x000000000800887a       0x2e ./Drivers/STM32G4xx_HAL_Driver/Src/stm32g4xx_hal_i2c.o
 .text.I2C_DMAAbort
                0x00000000080088a8       0x3c ./Drivers/STM32G4xx_HAL_Driver/Src/stm32g4xx_hal_i2c.o
 .text.I2C_WaitOnFlagUntilTimeout
                0x00000000080088e4       0xb2 ./Drivers/STM32G4xx_HAL_Driver/Src/stm32g4xx_hal_i2c.o
 .text.I2C_WaitOnTXISFlagUntilTimeout
                0x0000000008008996       0x8e ./Drivers/STM32G4xx_HAL_Driver/Src/stm32g4xx_hal_i2c.o
 .text.I2C_WaitOnSTOPFlagUntilTimeout
                0x0000000008008a24       0x86 ./Drivers/STM32G4xx_HAL_Driver/Src/stm32g4xx_hal_i2c.o
 *fill*         0x0000000008008aaa        0x2 
 .text.I2C_WaitOnRXNEFlagUntilTimeout
                0x0000000008008aac      0x118 ./Drivers/STM32G4xx_HAL_Driver/Src/stm32g4xx_hal_i2c.o
 .text.I2C_IsErrorOccurred
                0x0000000008008bc4      0x1c0 ./Drivers/STM32G4xx_HAL_Driver/Src/stm32g4xx_hal_i2c.o
 .text.I2C_TransferConfig
                0x0000000008008d84       0x64 ./Drivers/STM32G4xx_HAL_Driver/Src/stm32g4xx_hal_i2c.o
 .text.I2C_Enable_IRQ
                0x0000000008008de8      0x108 ./Drivers/STM32G4xx_HAL_Driver/Src/stm32g4xx_hal_i2c.o
 .text.I2C_Disable_IRQ
                0x0000000008008ef0       0xbc ./Drivers/STM32G4xx_HAL_Driver/Src/stm32g4xx_hal_i2c.o
 .text.HAL_I2CEx_ConfigAnalogFilter
                0x0000000008008fac       0x96 ./Drivers/STM32G4xx_HAL_Driver/Src/stm32g4xx_hal_i2c_ex.o
                0x0000000008008fac                HAL_I2CEx_ConfigAnalogFilter
 .text.HAL_I2CEx_ConfigDigitalFilter
                0x0000000008009042       0x98 ./Drivers/STM32G4xx_HAL_Driver/Src/stm32g4xx_hal_i2c_ex.o
                0x0000000008009042                HAL_I2CEx_ConfigDigitalFilter
 .text.HAL_IWDG_Init
                0x00000000080090da       0x9e ./Drivers/STM32G4xx_HAL_Driver/Src/stm32g4xx_hal_iwdg.o
                0x00000000080090da                HAL_IWDG_Init
 .text.HAL_PCD_Init
                0x0000000008009178      0x19c ./Drivers/STM32G4xx_HAL_Driver/Src/stm32g4xx_hal_pcd.o
                0x0000000008009178                HAL_PCD_Init
 .text.HAL_PCDEx_ActivateLPM
                0x0000000008009314       0x54 ./Drivers/STM32G4xx_HAL_Driver/Src/stm32g4xx_hal_pcd_ex.o
                0x0000000008009314                HAL_PCDEx_ActivateLPM
 .text.HAL_PWREx_ControlVoltageScaling
                0x0000000008009368      0x148 ./Drivers/STM32G4xx_HAL_Driver/Src/stm32g4xx_hal_pwr_ex.o
                0x0000000008009368                HAL_PWREx_ControlVoltageScaling
 .text.HAL_PWREx_DisableUCPDDeadBattery
                0x00000000080094b0       0x20 ./Drivers/STM32G4xx_HAL_Driver/Src/stm32g4xx_hal_pwr_ex.o
                0x00000000080094b0                HAL_PWREx_DisableUCPDDeadBattery
 .text.HAL_RCC_OscConfig
                0x00000000080094d0      0x624 ./Drivers/STM32G4xx_HAL_Driver/Src/stm32g4xx_hal_rcc.o
                0x00000000080094d0                HAL_RCC_OscConfig
 .text.HAL_RCC_ClockConfig
                0x0000000008009af4      0x278 ./Drivers/STM32G4xx_HAL_Driver/Src/stm32g4xx_hal_rcc.o
                0x0000000008009af4                HAL_RCC_ClockConfig
 .text.HAL_RCC_GetSysClockFreq
                0x0000000008009d6c       0xc4 ./Drivers/STM32G4xx_HAL_Driver/Src/stm32g4xx_hal_rcc.o
                0x0000000008009d6c                HAL_RCC_GetSysClockFreq
 .text.HAL_RCC_GetHCLKFreq
                0x0000000008009e30       0x18 ./Drivers/STM32G4xx_HAL_Driver/Src/stm32g4xx_hal_rcc.o
                0x0000000008009e30                HAL_RCC_GetHCLKFreq
 .text.HAL_RCC_GetPCLK1Freq
                0x0000000008009e48       0x2c ./Drivers/STM32G4xx_HAL_Driver/Src/stm32g4xx_hal_rcc.o
                0x0000000008009e48                HAL_RCC_GetPCLK1Freq
 .text.HAL_RCC_GetPCLK2Freq
                0x0000000008009e74       0x2c ./Drivers/STM32G4xx_HAL_Driver/Src/stm32g4xx_hal_rcc.o
                0x0000000008009e74                HAL_RCC_GetPCLK2Freq
 .text.HAL_RCC_EnableCSS
                0x0000000008009ea0       0x20 ./Drivers/STM32G4xx_HAL_Driver/Src/stm32g4xx_hal_rcc.o
                0x0000000008009ea0                HAL_RCC_EnableCSS
 .text.HAL_RCC_NMI_IRQHandler
                0x0000000008009ec0       0x28 ./Drivers/STM32G4xx_HAL_Driver/Src/stm32g4xx_hal_rcc.o
                0x0000000008009ec0                HAL_RCC_NMI_IRQHandler
 .text.HAL_RCC_CSSCallback
                0x0000000008009ee8        0xe ./Drivers/STM32G4xx_HAL_Driver/Src/stm32g4xx_hal_rcc.o
                0x0000000008009ee8                HAL_RCC_CSSCallback
 *fill*         0x0000000008009ef6        0x2 
 .text.RCC_GetSysClockFreqFromPLLSource
                0x0000000008009ef8       0x8c ./Drivers/STM32G4xx_HAL_Driver/Src/stm32g4xx_hal_rcc.o
 .text.HAL_RCCEx_PeriphCLKConfig
                0x0000000008009f84      0x49c ./Drivers/STM32G4xx_HAL_Driver/Src/stm32g4xx_hal_rcc_ex.o
                0x0000000008009f84                HAL_RCCEx_PeriphCLKConfig
 .text.HAL_SPI_Init
                0x000000000800a420      0x156 ./Drivers/STM32G4xx_HAL_Driver/Src/stm32g4xx_hal_spi.o
                0x000000000800a420                HAL_SPI_Init
 .text.HAL_TIM_Base_Init
                0x000000000800a576       0xae ./Drivers/STM32G4xx_HAL_Driver/Src/stm32g4xx_hal_tim.o
                0x000000000800a576                HAL_TIM_Base_Init
 .text.HAL_TIM_Base_Stop_IT
                0x000000000800a624       0x5e ./Drivers/STM32G4xx_HAL_Driver/Src/stm32g4xx_hal_tim.o
                0x000000000800a624                HAL_TIM_Base_Stop_IT
 .text.HAL_TIM_IRQHandler
                0x000000000800a682      0x29e ./Drivers/STM32G4xx_HAL_Driver/Src/stm32g4xx_hal_tim.o
                0x000000000800a682                HAL_TIM_IRQHandler
 .text.HAL_TIM_ConfigClockSource
                0x000000000800a920      0x22c ./Drivers/STM32G4xx_HAL_Driver/Src/stm32g4xx_hal_tim.o
                0x000000000800a920                HAL_TIM_ConfigClockSource
 .text.HAL_TIM_PeriodElapsedCallback
                0x000000000800ab4c       0x14 ./Drivers/STM32G4xx_HAL_Driver/Src/stm32g4xx_hal_tim.o
                0x000000000800ab4c                HAL_TIM_PeriodElapsedCallback
 .text.HAL_TIM_OC_DelayElapsedCallback
                0x000000000800ab60       0x14 ./Drivers/STM32G4xx_HAL_Driver/Src/stm32g4xx_hal_tim.o
                0x000000000800ab60                HAL_TIM_OC_DelayElapsedCallback
 .text.HAL_TIM_IC_CaptureCallback
                0x000000000800ab74       0x14 ./Drivers/STM32G4xx_HAL_Driver/Src/stm32g4xx_hal_tim.o
                0x000000000800ab74                HAL_TIM_IC_CaptureCallback
 .text.HAL_TIM_PWM_PulseFinishedCallback
                0x000000000800ab88       0x14 ./Drivers/STM32G4xx_HAL_Driver/Src/stm32g4xx_hal_tim.o
                0x000000000800ab88                HAL_TIM_PWM_PulseFinishedCallback
 .text.HAL_TIM_TriggerCallback
                0x000000000800ab9c       0x14 ./Drivers/STM32G4xx_HAL_Driver/Src/stm32g4xx_hal_tim.o
                0x000000000800ab9c                HAL_TIM_TriggerCallback
 .text.TIM_Base_SetConfig
                0x000000000800abb0      0x168 ./Drivers/STM32G4xx_HAL_Driver/Src/stm32g4xx_hal_tim.o
                0x000000000800abb0                TIM_Base_SetConfig
 .text.TIM_TI1_ConfigInputStage
                0x000000000800ad18       0x5e ./Drivers/STM32G4xx_HAL_Driver/Src/stm32g4xx_hal_tim.o
 .text.TIM_TI2_ConfigInputStage
                0x000000000800ad76       0x60 ./Drivers/STM32G4xx_HAL_Driver/Src/stm32g4xx_hal_tim.o
 .text.TIM_ITRx_SetConfig
                0x000000000800add6       0x3a ./Drivers/STM32G4xx_HAL_Driver/Src/stm32g4xx_hal_tim.o
 .text.TIM_ETR_SetConfig
                0x000000000800ae10       0x40 ./Drivers/STM32G4xx_HAL_Driver/Src/stm32g4xx_hal_tim.o
                0x000000000800ae10                TIM_ETR_SetConfig
 .text.HAL_TIMEx_MasterConfigSynchronization
                0x000000000800ae50      0x12c ./Drivers/STM32G4xx_HAL_Driver/Src/stm32g4xx_hal_tim_ex.o
                0x000000000800ae50                HAL_TIMEx_MasterConfigSynchronization
 .text.HAL_TIMEx_CommutCallback
                0x000000000800af7c       0x14 ./Drivers/STM32G4xx_HAL_Driver/Src/stm32g4xx_hal_tim_ex.o
                0x000000000800af7c                HAL_TIMEx_CommutCallback
 .text.HAL_TIMEx_BreakCallback
                0x000000000800af90       0x14 ./Drivers/STM32G4xx_HAL_Driver/Src/stm32g4xx_hal_tim_ex.o
                0x000000000800af90                HAL_TIMEx_BreakCallback
 .text.HAL_TIMEx_Break2Callback
                0x000000000800afa4       0x14 ./Drivers/STM32G4xx_HAL_Driver/Src/stm32g4xx_hal_tim_ex.o
                0x000000000800afa4                HAL_TIMEx_Break2Callback
 .text.HAL_TIMEx_EncoderIndexCallback
                0x000000000800afb8       0x14 ./Drivers/STM32G4xx_HAL_Driver/Src/stm32g4xx_hal_tim_ex.o
                0x000000000800afb8                HAL_TIMEx_EncoderIndexCallback
 .text.HAL_TIMEx_DirectionChangeCallback
                0x000000000800afcc       0x14 ./Drivers/STM32G4xx_HAL_Driver/Src/stm32g4xx_hal_tim_ex.o
                0x000000000800afcc                HAL_TIMEx_DirectionChangeCallback
 .text.HAL_TIMEx_IndexErrorCallback
                0x000000000800afe0       0x14 ./Drivers/STM32G4xx_HAL_Driver/Src/stm32g4xx_hal_tim_ex.o
                0x000000000800afe0                HAL_TIMEx_IndexErrorCallback
 .text.HAL_TIMEx_TransitionErrorCallback
                0x000000000800aff4       0x14 ./Drivers/STM32G4xx_HAL_Driver/Src/stm32g4xx_hal_tim_ex.o
                0x000000000800aff4                HAL_TIMEx_TransitionErrorCallback
 .text.UART_SetConfig
                0x000000000800b008      0x5f8 ./Drivers/STM32G4xx_HAL_Driver/Src/stm32g4xx_hal_uart.o
                0x000000000800b008                UART_SetConfig
 .text.UART_AdvFeatureConfig
                0x000000000800b600      0x144 ./Drivers/STM32G4xx_HAL_Driver/Src/stm32g4xx_hal_uart.o
                0x000000000800b600                UART_AdvFeatureConfig
 .text.UART_CheckIdleState
                0x000000000800b744      0x154 ./Drivers/STM32G4xx_HAL_Driver/Src/stm32g4xx_hal_uart.o
                0x000000000800b744                UART_CheckIdleState
 .text.UART_WaitOnFlagUntilTimeout
                0x000000000800b898       0xda ./Drivers/STM32G4xx_HAL_Driver/Src/stm32g4xx_hal_uart.o
                0x000000000800b898                UART_WaitOnFlagUntilTimeout
 .text.UART_EndRxTransfer
                0x000000000800b972       0xcc ./Drivers/STM32G4xx_HAL_Driver/Src/stm32g4xx_hal_uart.o
 .text.HAL_RS485Ex_Init
                0x000000000800ba3e       0xd2 ./Drivers/STM32G4xx_HAL_Driver/Src/stm32g4xx_hal_uart_ex.o
                0x000000000800ba3e                HAL_RS485Ex_Init
 .text.HAL_UARTEx_DisableFifoMode
                0x000000000800bb10       0x72 ./Drivers/STM32G4xx_HAL_Driver/Src/stm32g4xx_hal_uart_ex.o
                0x000000000800bb10                HAL_UARTEx_DisableFifoMode
 .text.HAL_UARTEx_SetTxFifoThreshold
                0x000000000800bb82       0x7c ./Drivers/STM32G4xx_HAL_Driver/Src/stm32g4xx_hal_uart_ex.o
                0x000000000800bb82                HAL_UARTEx_SetTxFifoThreshold
 .text.HAL_UARTEx_SetRxFifoThreshold
                0x000000000800bbfe       0x7c ./Drivers/STM32G4xx_HAL_Driver/Src/stm32g4xx_hal_uart_ex.o
                0x000000000800bbfe                HAL_UARTEx_SetRxFifoThreshold
 *fill*         0x000000000800bc7a        0x2 
 .text.UARTEx_SetNbDataToProcess
                0x000000000800bc7c       0x9c ./Drivers/STM32G4xx_HAL_Driver/Src/stm32g4xx_hal_uart_ex.o
 .text.USB_DisableGlobalInt
                0x000000000800bd18       0x36 ./Drivers/STM32G4xx_HAL_Driver/Src/stm32g4xx_ll_usb.o
                0x000000000800bd18                USB_DisableGlobalInt
 .text.USB_DevInit
                0x000000000800bd4e       0x3c ./Drivers/STM32G4xx_HAL_Driver/Src/stm32g4xx_ll_usb.o
                0x000000000800bd4e                USB_DevInit
 .text.atoi     0x000000000800bd8a        0x8 C:/ST/STM32CubeIDE_1.14.0/STM32CubeIDE/plugins/com.st.stm32cube.ide.mcu.externaltools.gnu-tools-for-stm32.11.3.rel1.win32_1.1.100.202309141235/tools/bin/../lib/gcc/arm-none-eabi/11.3.1/../../../../arm-none-eabi/lib/thumb/v7e-m+fp/hard\libc_nano.a(libc_a-atoi.o)
                0x000000000800bd8a                atoi
 *fill*         0x000000000800bd92        0x2 
 .text.sbrk_aligned
                0x000000000800bd94       0x40 C:/ST/STM32CubeIDE_1.14.0/STM32CubeIDE/plugins/com.st.stm32cube.ide.mcu.externaltools.gnu-tools-for-stm32.11.3.rel1.win32_1.1.100.202309141235/tools/bin/../lib/gcc/arm-none-eabi/11.3.1/../../../../arm-none-eabi/lib/thumb/v7e-m+fp/hard\libc_nano.a(libc_a-mallocr.o)
 .text._malloc_r
                0x000000000800bdd4      0x100 C:/ST/STM32CubeIDE_1.14.0/STM32CubeIDE/plugins/com.st.stm32cube.ide.mcu.externaltools.gnu-tools-for-stm32.11.3.rel1.win32_1.1.100.202309141235/tools/bin/../lib/gcc/arm-none-eabi/11.3.1/../../../../arm-none-eabi/lib/thumb/v7e-m+fp/hard\libc_nano.a(libc_a-mallocr.o)
                0x000000000800bdd4                _malloc_r
 .text.__malloc_lock
                0x000000000800bed4        0xc C:/ST/STM32CubeIDE_1.14.0/STM32CubeIDE/plugins/com.st.stm32cube.ide.mcu.externaltools.gnu-tools-for-stm32.11.3.rel1.win32_1.1.100.202309141235/tools/bin/../lib/gcc/arm-none-eabi/11.3.1/../../../../arm-none-eabi/lib/thumb/v7e-m+fp/hard\libc_nano.a(libc_a-mlock.o)
                0x000000000800bed4                __malloc_lock
 .text.__malloc_unlock
                0x000000000800bee0        0xc C:/ST/STM32CubeIDE_1.14.0/STM32CubeIDE/plugins/com.st.stm32cube.ide.mcu.externaltools.gnu-tools-for-stm32.11.3.rel1.win32_1.1.100.202309141235/tools/bin/../lib/gcc/arm-none-eabi/11.3.1/../../../../arm-none-eabi/lib/thumb/v7e-m+fp/hard\libc_nano.a(libc_a-mlock.o)
                0x000000000800bee0                __malloc_unlock
 .text._strtol_l.constprop.0
                0x000000000800beec      0x104 C:/ST/STM32CubeIDE_1.14.0/STM32CubeIDE/plugins/com.st.stm32cube.ide.mcu.externaltools.gnu-tools-for-stm32.11.3.rel1.win32_1.1.100.202309141235/tools/bin/../lib/gcc/arm-none-eabi/11.3.1/../../../../arm-none-eabi/lib/thumb/v7e-m+fp/hard\libc_nano.a(libc_a-strtol.o)
 .text.strtol   0x000000000800bff0       0x14 C:/ST/STM32CubeIDE_1.14.0/STM32CubeIDE/plugins/com.st.stm32cube.ide.mcu.externaltools.gnu-tools-for-stm32.11.3.rel1.win32_1.1.100.202309141235/tools/bin/../lib/gcc/arm-none-eabi/11.3.1/../../../../arm-none-eabi/lib/thumb/v7e-m+fp/hard\libc_nano.a(libc_a-strtol.o)
                0x000000000800bff0                strtol
 .text.std      0x000000000800c004       0x6c C:/ST/STM32CubeIDE_1.14.0/STM32CubeIDE/plugins/com.st.stm32cube.ide.mcu.externaltools.gnu-tools-for-stm32.11.3.rel1.win32_1.1.100.202309141235/tools/bin/../lib/gcc/arm-none-eabi/11.3.1/../../../../arm-none-eabi/lib/thumb/v7e-m+fp/hard\libc_nano.a(libc_a-findfp.o)
 .text.stdio_exit_handler
                0x000000000800c070       0x18 C:/ST/STM32CubeIDE_1.14.0/STM32CubeIDE/plugins/com.st.stm32cube.ide.mcu.externaltools.gnu-tools-for-stm32.11.3.rel1.win32_1.1.100.202309141235/tools/bin/../lib/gcc/arm-none-eabi/11.3.1/../../../../arm-none-eabi/lib/thumb/v7e-m+fp/hard\libc_nano.a(libc_a-findfp.o)
 .text.cleanup_stdio
                0x000000000800c088       0x40 C:/ST/STM32CubeIDE_1.14.0/STM32CubeIDE/plugins/com.st.stm32cube.ide.mcu.externaltools.gnu-tools-for-stm32.11.3.rel1.win32_1.1.100.202309141235/tools/bin/../lib/gcc/arm-none-eabi/11.3.1/../../../../arm-none-eabi/lib/thumb/v7e-m+fp/hard\libc_nano.a(libc_a-findfp.o)
 .text.global_stdio_init.part.0
                0x000000000800c0c8       0x3c C:/ST/STM32CubeIDE_1.14.0/STM32CubeIDE/plugins/com.st.stm32cube.ide.mcu.externaltools.gnu-tools-for-stm32.11.3.rel1.win32_1.1.100.202309141235/tools/bin/../lib/gcc/arm-none-eabi/11.3.1/../../../../arm-none-eabi/lib/thumb/v7e-m+fp/hard\libc_nano.a(libc_a-findfp.o)
 .text.__sfp_lock_acquire
                0x000000000800c104        0xc C:/ST/STM32CubeIDE_1.14.0/STM32CubeIDE/plugins/com.st.stm32cube.ide.mcu.externaltools.gnu-tools-for-stm32.11.3.rel1.win32_1.1.100.202309141235/tools/bin/../lib/gcc/arm-none-eabi/11.3.1/../../../../arm-none-eabi/lib/thumb/v7e-m+fp/hard\libc_nano.a(libc_a-findfp.o)
                0x000000000800c104                __sfp_lock_acquire
 .text.__sfp_lock_release
                0x000000000800c110        0xc C:/ST/STM32CubeIDE_1.14.0/STM32CubeIDE/plugins/com.st.stm32cube.ide.mcu.externaltools.gnu-tools-for-stm32.11.3.rel1.win32_1.1.100.202309141235/tools/bin/../lib/gcc/arm-none-eabi/11.3.1/../../../../arm-none-eabi/lib/thumb/v7e-m+fp/hard\libc_nano.a(libc_a-findfp.o)
                0x000000000800c110                __sfp_lock_release
 .text.__sinit  0x000000000800c11c       0x30 C:/ST/STM32CubeIDE_1.14.0/STM32CubeIDE/plugins/com.st.stm32cube.ide.mcu.externaltools.gnu-tools-for-stm32.11.3.rel1.win32_1.1.100.202309141235/tools/bin/../lib/gcc/arm-none-eabi/11.3.1/../../../../arm-none-eabi/lib/thumb/v7e-m+fp/hard\libc_nano.a(libc_a-findfp.o)
                0x000000000800c11c                __sinit
 .text._fwalk_sglue
                0x000000000800c14c       0x3c C:/ST/STM32CubeIDE_1.14.0/STM32CubeIDE/plugins/com.st.stm32cube.ide.mcu.externaltools.gnu-tools-for-stm32.11.3.rel1.win32_1.1.100.202309141235/tools/bin/../lib/gcc/arm-none-eabi/11.3.1/../../../../arm-none-eabi/lib/thumb/v7e-m+fp/hard\libc_nano.a(libc_a-fwalk.o)
                0x000000000800c14c                _fwalk_sglue
 .text._puts_r  0x000000000800c188       0xa8 C:/ST/STM32CubeIDE_1.14.0/STM32CubeIDE/plugins/com.st.stm32cube.ide.mcu.externaltools.gnu-tools-for-stm32.11.3.rel1.win32_1.1.100.202309141235/tools/bin/../lib/gcc/arm-none-eabi/11.3.1/../../../../arm-none-eabi/lib/thumb/v7e-m+fp/hard\libc_nano.a(libc_a-puts.o)
                0x000000000800c188                _puts_r
 .text.puts     0x000000000800c230       0x10 C:/ST/STM32CubeIDE_1.14.0/STM32CubeIDE/plugins/com.st.stm32cube.ide.mcu.externaltools.gnu-tools-for-stm32.11.3.rel1.win32_1.1.100.202309141235/tools/bin/../lib/gcc/arm-none-eabi/11.3.1/../../../../arm-none-eabi/lib/thumb/v7e-m+fp/hard\libc_nano.a(libc_a-puts.o)
                0x000000000800c230                puts
 .text.__sread  0x000000000800c240       0x22 C:/ST/STM32CubeIDE_1.14.0/STM32CubeIDE/plugins/com.st.stm32cube.ide.mcu.externaltools.gnu-tools-for-stm32.11.3.rel1.win32_1.1.100.202309141235/tools/bin/../lib/gcc/arm-none-eabi/11.3.1/../../../../arm-none-eabi/lib/thumb/v7e-m+fp/hard\libc_nano.a(libc_a-stdio.o)
                0x000000000800c240                __sread
 .text.__swrite
                0x000000000800c262       0x38 C:/ST/STM32CubeIDE_1.14.0/STM32CubeIDE/plugins/com.st.stm32cube.ide.mcu.externaltools.gnu-tools-for-stm32.11.3.rel1.win32_1.1.100.202309141235/tools/bin/../lib/gcc/arm-none-eabi/11.3.1/../../../../arm-none-eabi/lib/thumb/v7e-m+fp/hard\libc_nano.a(libc_a-stdio.o)
                0x000000000800c262                __swrite
 .text.__sseek  0x000000000800c29a       0x24 C:/ST/STM32CubeIDE_1.14.0/STM32CubeIDE/plugins/com.st.stm32cube.ide.mcu.externaltools.gnu-tools-for-stm32.11.3.rel1.win32_1.1.100.202309141235/tools/bin/../lib/gcc/arm-none-eabi/11.3.1/../../../../arm-none-eabi/lib/thumb/v7e-m+fp/hard\libc_nano.a(libc_a-stdio.o)
                0x000000000800c29a                __sseek
 .text.__sclose
                0x000000000800c2be        0x8 C:/ST/STM32CubeIDE_1.14.0/STM32CubeIDE/plugins/com.st.stm32cube.ide.mcu.externaltools.gnu-tools-for-stm32.11.3.rel1.win32_1.1.100.202309141235/tools/bin/../lib/gcc/arm-none-eabi/11.3.1/../../../../arm-none-eabi/lib/thumb/v7e-m+fp/hard\libc_nano.a(libc_a-stdio.o)
                0x000000000800c2be                __sclose
 .text.__swbuf_r
                0x000000000800c2c6       0x7a C:/ST/STM32CubeIDE_1.14.0/STM32CubeIDE/plugins/com.st.stm32cube.ide.mcu.externaltools.gnu-tools-for-stm32.11.3.rel1.win32_1.1.100.202309141235/tools/bin/../lib/gcc/arm-none-eabi/11.3.1/../../../../arm-none-eabi/lib/thumb/v7e-m+fp/hard\libc_nano.a(libc_a-wbuf.o)
                0x000000000800c2c6                __swbuf_r
 .text.__swsetup_r
                0x000000000800c340       0xb0 C:/ST/STM32CubeIDE_1.14.0/STM32CubeIDE/plugins/com.st.stm32cube.ide.mcu.externaltools.gnu-tools-for-stm32.11.3.rel1.win32_1.1.100.202309141235/tools/bin/../lib/gcc/arm-none-eabi/11.3.1/../../../../arm-none-eabi/lib/thumb/v7e-m+fp/hard\libc_nano.a(libc_a-wsetup.o)
                0x000000000800c340                __swsetup_r
 .text.memset   0x000000000800c3f0       0x10 C:/ST/STM32CubeIDE_1.14.0/STM32CubeIDE/plugins/com.st.stm32cube.ide.mcu.externaltools.gnu-tools-for-stm32.11.3.rel1.win32_1.1.100.202309141235/tools/bin/../lib/gcc/arm-none-eabi/11.3.1/../../../../arm-none-eabi/lib/thumb/v7e-m+fp/hard\libc_nano.a(libc_a-memset.o)
                0x000000000800c3f0                memset
 .text._close_r
                0x000000000800c400       0x20 C:/ST/STM32CubeIDE_1.14.0/STM32CubeIDE/plugins/com.st.stm32cube.ide.mcu.externaltools.gnu-tools-for-stm32.11.3.rel1.win32_1.1.100.202309141235/tools/bin/../lib/gcc/arm-none-eabi/11.3.1/../../../../arm-none-eabi/lib/thumb/v7e-m+fp/hard\libc_nano.a(libc_a-closer.o)
                0x000000000800c400                _close_r
 .text._lseek_r
                0x000000000800c420       0x24 C:/ST/STM32CubeIDE_1.14.0/STM32CubeIDE/plugins/com.st.stm32cube.ide.mcu.externaltools.gnu-tools-for-stm32.11.3.rel1.win32_1.1.100.202309141235/tools/bin/../lib/gcc/arm-none-eabi/11.3.1/../../../../arm-none-eabi/lib/thumb/v7e-m+fp/hard\libc_nano.a(libc_a-lseekr.o)
                0x000000000800c420                _lseek_r
 .text._read_r  0x000000000800c444       0x24 C:/ST/STM32CubeIDE_1.14.0/STM32CubeIDE/plugins/com.st.stm32cube.ide.mcu.externaltools.gnu-tools-for-stm32.11.3.rel1.win32_1.1.100.202309141235/tools/bin/../lib/gcc/arm-none-eabi/11.3.1/../../../../arm-none-eabi/lib/thumb/v7e-m+fp/hard\libc_nano.a(libc_a-readr.o)
                0x000000000800c444                _read_r
 .text._sbrk_r  0x000000000800c468       0x20 C:/ST/STM32CubeIDE_1.14.0/STM32CubeIDE/plugins/com.st.stm32cube.ide.mcu.externaltools.gnu-tools-for-stm32.11.3.rel1.win32_1.1.100.202309141235/tools/bin/../lib/gcc/arm-none-eabi/11.3.1/../../../../arm-none-eabi/lib/thumb/v7e-m+fp/hard\libc_nano.a(libc_a-sbrkr.o)
                0x000000000800c468                _sbrk_r
 .text._write_r
                0x000000000800c488       0x24 C:/ST/STM32CubeIDE_1.14.0/STM32CubeIDE/plugins/com.st.stm32cube.ide.mcu.externaltools.gnu-tools-for-stm32.11.3.rel1.win32_1.1.100.202309141235/tools/bin/../lib/gcc/arm-none-eabi/11.3.1/../../../../arm-none-eabi/lib/thumb/v7e-m+fp/hard\libc_nano.a(libc_a-writer.o)
                0x000000000800c488                _write_r
 .text.__errno  0x000000000800c4ac        0xc C:/ST/STM32CubeIDE_1.14.0/STM32CubeIDE/plugins/com.st.stm32cube.ide.mcu.externaltools.gnu-tools-for-stm32.11.3.rel1.win32_1.1.100.202309141235/tools/bin/../lib/gcc/arm-none-eabi/11.3.1/../../../../arm-none-eabi/lib/thumb/v7e-m+fp/hard\libc_nano.a(libc_a-errno.o)
                0x000000000800c4ac                __errno
 .text.__libc_init_array
                0x000000000800c4b8       0x48 C:/ST/STM32CubeIDE_1.14.0/STM32CubeIDE/plugins/com.st.stm32cube.ide.mcu.externaltools.gnu-tools-for-stm32.11.3.rel1.win32_1.1.100.202309141235/tools/bin/../lib/gcc/arm-none-eabi/11.3.1/../../../../arm-none-eabi/lib/thumb/v7e-m+fp/hard\libc_nano.a(libc_a-init.o)
                0x000000000800c4b8                __libc_init_array
 .text.__retarget_lock_init_recursive
                0x000000000800c500        0x2 C:/ST/STM32CubeIDE_1.14.0/STM32CubeIDE/plugins/com.st.stm32cube.ide.mcu.externaltools.gnu-tools-for-stm32.11.3.rel1.win32_1.1.100.202309141235/tools/bin/../lib/gcc/arm-none-eabi/11.3.1/../../../../arm-none-eabi/lib/thumb/v7e-m+fp/hard\libc_nano.a(libc_a-lock.o)
                0x000000000800c500                __retarget_lock_init_recursive
 .text.__retarget_lock_acquire_recursive
                0x000000000800c502        0x2 C:/ST/STM32CubeIDE_1.14.0/STM32CubeIDE/plugins/com.st.stm32cube.ide.mcu.externaltools.gnu-tools-for-stm32.11.3.rel1.win32_1.1.100.202309141235/tools/bin/../lib/gcc/arm-none-eabi/11.3.1/../../../../arm-none-eabi/lib/thumb/v7e-m+fp/hard\libc_nano.a(libc_a-lock.o)
                0x000000000800c502                __retarget_lock_acquire_recursive
 .text.__retarget_lock_release_recursive
                0x000000000800c504        0x2 C:/ST/STM32CubeIDE_1.14.0/STM32CubeIDE/plugins/com.st.stm32cube.ide.mcu.externaltools.gnu-tools-for-stm32.11.3.rel1.win32_1.1.100.202309141235/tools/bin/../lib/gcc/arm-none-eabi/11.3.1/../../../../arm-none-eabi/lib/thumb/v7e-m+fp/hard\libc_nano.a(libc_a-lock.o)
                0x000000000800c504                __retarget_lock_release_recursive
 .text.memcpy   0x000000000800c506       0x1c C:/ST/STM32CubeIDE_1.14.0/STM32CubeIDE/plugins/com.st.stm32cube.ide.mcu.externaltools.gnu-tools-for-stm32.11.3.rel1.win32_1.1.100.202309141235/tools/bin/../lib/gcc/arm-none-eabi/11.3.1/../../../../arm-none-eabi/lib/thumb/v7e-m+fp/hard\libc_nano.a(libc_a-memcpy-stub.o)
                0x000000000800c506                memcpy
 *fill*         0x000000000800c522        0x2 
 .text._free_r  0x000000000800c524       0x98 C:/ST/STM32CubeIDE_1.14.0/STM32CubeIDE/plugins/com.st.stm32cube.ide.mcu.externaltools.gnu-tools-for-stm32.11.3.rel1.win32_1.1.100.202309141235/tools/bin/../lib/gcc/arm-none-eabi/11.3.1/../../../../arm-none-eabi/lib/thumb/v7e-m+fp/hard\libc_nano.a(libc_a-freer.o)
                0x000000000800c524                _free_r
 .text.__sflush_r
                0x000000000800c5bc      0x10c C:/ST/STM32CubeIDE_1.14.0/STM32CubeIDE/plugins/com.st.stm32cube.ide.mcu.externaltools.gnu-tools-for-stm32.11.3.rel1.win32_1.1.100.202309141235/tools/bin/../lib/gcc/arm-none-eabi/11.3.1/../../../../arm-none-eabi/lib/thumb/v7e-m+fp/hard\libc_nano.a(libc_a-fflush.o)
                0x000000000800c5bc                __sflush_r
 .text._fflush_r
                0x000000000800c6c8       0x50 C:/ST/STM32CubeIDE_1.14.0/STM32CubeIDE/plugins/com.st.stm32cube.ide.mcu.externaltools.gnu-tools-for-stm32.11.3.rel1.win32_1.1.100.202309141235/tools/bin/../lib/gcc/arm-none-eabi/11.3.1/../../../../arm-none-eabi/lib/thumb/v7e-m+fp/hard\libc_nano.a(libc_a-fflush.o)
                0x000000000800c6c8                _fflush_r
 .text.__swhatbuf_r
                0x000000000800c718       0x4c C:/ST/STM32CubeIDE_1.14.0/STM32CubeIDE/plugins/com.st.stm32cube.ide.mcu.externaltools.gnu-tools-for-stm32.11.3.rel1.win32_1.1.100.202309141235/tools/bin/../lib/gcc/arm-none-eabi/11.3.1/../../../../arm-none-eabi/lib/thumb/v7e-m+fp/hard\libc_nano.a(libc_a-makebuf.o)
                0x000000000800c718                __swhatbuf_r
 .text.__smakebuf_r
                0x000000000800c764       0x78 C:/ST/STM32CubeIDE_1.14.0/STM32CubeIDE/plugins/com.st.stm32cube.ide.mcu.externaltools.gnu-tools-for-stm32.11.3.rel1.win32_1.1.100.202309141235/tools/bin/../lib/gcc/arm-none-eabi/11.3.1/../../../../arm-none-eabi/lib/thumb/v7e-m+fp/hard\libc_nano.a(libc_a-makebuf.o)
                0x000000000800c764                __smakebuf_r
 .text._fstat_r
                0x000000000800c7dc       0x24 C:/ST/STM32CubeIDE_1.14.0/STM32CubeIDE/plugins/com.st.stm32cube.ide.mcu.externaltools.gnu-tools-for-stm32.11.3.rel1.win32_1.1.100.202309141235/tools/bin/../lib/gcc/arm-none-eabi/11.3.1/../../../../arm-none-eabi/lib/thumb/v7e-m+fp/hard\libc_nano.a(libc_a-fstatr.o)
                0x000000000800c7dc                _fstat_r
 .text._isatty_r
                0x000000000800c800       0x20 C:/ST/STM32CubeIDE_1.14.0/STM32CubeIDE/plugins/com.st.stm32cube.ide.mcu.externaltools.gnu-tools-for-stm32.11.3.rel1.win32_1.1.100.202309141235/tools/bin/../lib/gcc/arm-none-eabi/11.3.1/../../../../arm-none-eabi/lib/thumb/v7e-m+fp/hard\libc_nano.a(libc_a-isattyr.o)
                0x000000000800c800                _isatty_r
 *(.glue_7)
 .glue_7        0x000000000800c820        0x0 linker stubs
 *(.glue_7t)
 .glue_7t       0x000000000800c820        0x0 linker stubs
 *(.eh_frame)
 .eh_frame      0x000000000800c820        0x0 C:/ST/STM32CubeIDE_1.14.0/STM32CubeIDE/plugins/com.st.stm32cube.ide.mcu.externaltools.gnu-tools-for-stm32.11.3.rel1.win32_1.1.100.202309141235/tools/bin/../lib/gcc/arm-none-eabi/11.3.1/thumb/v7e-m+fp/hard/crtbegin.o
 *(.init)
 .init          0x000000000800c820        0x4 C:/ST/STM32CubeIDE_1.14.0/STM32CubeIDE/plugins/com.st.stm32cube.ide.mcu.externaltools.gnu-tools-for-stm32.11.3.rel1.win32_1.1.100.202309141235/tools/bin/../lib/gcc/arm-none-eabi/11.3.1/thumb/v7e-m+fp/hard/crti.o
                0x000000000800c820                _init
 .init          0x000000000800c824        0x8 C:/ST/STM32CubeIDE_1.14.0/STM32CubeIDE/plugins/com.st.stm32cube.ide.mcu.externaltools.gnu-tools-for-stm32.11.3.rel1.win32_1.1.100.202309141235/tools/bin/../lib/gcc/arm-none-eabi/11.3.1/thumb/v7e-m+fp/hard/crtn.o
 *(.fini)
 .fini          0x000000000800c82c        0x4 C:/ST/STM32CubeIDE_1.14.0/STM32CubeIDE/plugins/com.st.stm32cube.ide.mcu.externaltools.gnu-tools-for-stm32.11.3.rel1.win32_1.1.100.202309141235/tools/bin/../lib/gcc/arm-none-eabi/11.3.1/thumb/v7e-m+fp/hard/crti.o
                0x000000000800c82c                _fini
 .fini          0x000000000800c830        0x8 C:/ST/STM32CubeIDE_1.14.0/STM32CubeIDE/plugins/com.st.stm32cube.ide.mcu.externaltools.gnu-tools-for-stm32.11.3.rel1.win32_1.1.100.202309141235/tools/bin/../lib/gcc/arm-none-eabi/11.3.1/thumb/v7e-m+fp/hard/crtn.o
                0x000000000800c838                . = ALIGN (0x4)
                0x000000000800c838                _etext = .

.vfp11_veneer   0x000000000800c838        0x0
 .vfp11_veneer  0x000000000800c838        0x0 linker stubs

.v4_bx          0x000000000800c838        0x0
 .v4_bx         0x000000000800c838        0x0 linker stubs

.iplt           0x000000000800c838        0x0
 .iplt          0x000000000800c838        0x0 C:/ST/STM32CubeIDE_1.14.0/STM32CubeIDE/plugins/com.st.stm32cube.ide.mcu.externaltools.gnu-tools-for-stm32.11.3.rel1.win32_1.1.100.202309141235/tools/bin/../lib/gcc/arm-none-eabi/11.3.1/thumb/v7e-m+fp/hard/crtbegin.o

.rodata         0x000000000800c838      0x62c
                0x000000000800c838                . = ALIGN (0x4)
 *(.rodata)
 .rodata        0x000000000800c838       0x3a ./Core/Src/accelerometer.o
 *fill*         0x000000000800c872        0x2 
 .rodata        0x000000000800c874      0x440 ./Core/Src/driver_mcp9600.o
 .rodata        0x000000000800ccb4       0x6c ./Core/Src/relay.o
 *(.rodata*)
 .rodata.AHBPrescTable
                0x000000000800cd20       0x10 ./Core/Src/system_stm32g4xx.o
                0x000000000800cd20                AHBPrescTable
 .rodata.APBPrescTable
                0x000000000800cd30        0x8 ./Core/Src/system_stm32g4xx.o
                0x000000000800cd30                APBPrescTable
 .rodata.UARTPrescTable
                0x000000000800cd38       0x18 ./Drivers/STM32G4xx_HAL_Driver/Src/stm32g4xx_hal_uart.o
                0x000000000800cd38                UARTPrescTable
 .rodata.numerator.1
                0x000000000800cd50        0x8 ./Drivers/STM32G4xx_HAL_Driver/Src/stm32g4xx_hal_uart_ex.o
 .rodata.denominator.0
                0x000000000800cd58        0x8 ./Drivers/STM32G4xx_HAL_Driver/Src/stm32g4xx_hal_uart_ex.o
 .rodata._ctype_
                0x000000000800cd60      0x101 C:/ST/STM32CubeIDE_1.14.0/STM32CubeIDE/plugins/com.st.stm32cube.ide.mcu.externaltools.gnu-tools-for-stm32.11.3.rel1.win32_1.1.100.202309141235/tools/bin/../lib/gcc/arm-none-eabi/11.3.1/../../../../arm-none-eabi/lib/thumb/v7e-m+fp/hard\libc_nano.a(libc_a-ctype_.o)
                0x000000000800cd60                _ctype_
                0x000000000800ce64                . = ALIGN (0x4)
 *fill*         0x000000000800ce61        0x3 

.ARM.extab      0x000000000800ce64        0x0
                0x000000000800ce64                . = ALIGN (0x4)
 *(.ARM.extab* .gnu.linkonce.armextab.*)
                0x000000000800ce64                . = ALIGN (0x4)

.ARM            0x000000000800ce64        0x8
                0x000000000800ce64                . = ALIGN (0x4)
                0x000000000800ce64                __exidx_start = .
 *(.ARM.exidx*)
 .ARM.exidx     0x000000000800ce64        0x8 C:/ST/STM32CubeIDE_1.14.0/STM32CubeIDE/plugins/com.st.stm32cube.ide.mcu.externaltools.gnu-tools-for-stm32.11.3.rel1.win32_1.1.100.202309141235/tools/bin/../lib/gcc/arm-none-eabi/11.3.1/thumb/v7e-m+fp/hard\libgcc.a(_udivmoddi4.o)
                0x000000000800ce6c                __exidx_end = .
                0x000000000800ce6c                . = ALIGN (0x4)

.rel.dyn        0x000000000800ce6c        0x0
 .rel.iplt      0x000000000800ce6c        0x0 C:/ST/STM32CubeIDE_1.14.0/STM32CubeIDE/plugins/com.st.stm32cube.ide.mcu.externaltools.gnu-tools-for-stm32.11.3.rel1.win32_1.1.100.202309141235/tools/bin/../lib/gcc/arm-none-eabi/11.3.1/thumb/v7e-m+fp/hard/crtbegin.o

.preinit_array  0x000000000800ce6c        0x0
                0x000000000800ce6c                . = ALIGN (0x4)
                0x000000000800ce6c                PROVIDE (__preinit_array_start = .)
 *(.preinit_array*)
                0x000000000800ce6c                PROVIDE (__preinit_array_end = .)
                0x000000000800ce6c                . = ALIGN (0x4)

.init_array     0x000000000800ce6c        0x4
                0x000000000800ce6c                . = ALIGN (0x4)
                0x000000000800ce6c                PROVIDE (__init_array_start = .)
 *(SORT_BY_NAME(.init_array.*))
 *(.init_array*)
 .init_array    0x000000000800ce6c        0x4 C:/ST/STM32CubeIDE_1.14.0/STM32CubeIDE/plugins/com.st.stm32cube.ide.mcu.externaltools.gnu-tools-for-stm32.11.3.rel1.win32_1.1.100.202309141235/tools/bin/../lib/gcc/arm-none-eabi/11.3.1/thumb/v7e-m+fp/hard/crtbegin.o
                0x000000000800ce70                PROVIDE (__init_array_end = .)
                0x000000000800ce70                . = ALIGN (0x4)

.fini_array     0x000000000800ce70        0x4
                0x000000000800ce70                . = ALIGN (0x4)
                [!provide]                        PROVIDE (__fini_array_start = .)
 *(SORT_BY_NAME(.fini_array.*))
 *(.fini_array*)
 .fini_array    0x000000000800ce70        0x4 C:/ST/STM32CubeIDE_1.14.0/STM32CubeIDE/plugins/com.st.stm32cube.ide.mcu.externaltools.gnu-tools-for-stm32.11.3.rel1.win32_1.1.100.202309141235/tools/bin/../lib/gcc/arm-none-eabi/11.3.1/thumb/v7e-m+fp/hard/crtbegin.o
                [!provide]                        PROVIDE (__fini_array_end = .)
                0x000000000800ce74                . = ALIGN (0x4)
                0x000000000800ce74                _sidata = LOADADDR (.data)

.data           0x0000000020000000       0x68 load address 0x000000000800ce74
                0x0000000020000000                . = ALIGN (0x4)
                0x0000000020000000                _sdata = .
 *(.data)
 *(.data*)
 .data.SystemCoreClock
                0x0000000020000000        0x4 ./Core/Src/system_stm32g4xx.o
                0x0000000020000000                SystemCoreClock
 .data.uwTickPrio
                0x0000000020000004        0x4 ./Drivers/STM32G4xx_HAL_Driver/Src/stm32g4xx_hal.o
                0x0000000020000004                uwTickPrio
 .data.uwTickFreq
                0x0000000020000008        0x4 ./Drivers/STM32G4xx_HAL_Driver/Src/stm32g4xx_hal.o
                0x0000000020000008                uwTickFreq
 .data.__sglue  0x000000002000000c        0xc C:/ST/STM32CubeIDE_1.14.0/STM32CubeIDE/plugins/com.st.stm32cube.ide.mcu.externaltools.gnu-tools-for-stm32.11.3.rel1.win32_1.1.100.202309141235/tools/bin/../lib/gcc/arm-none-eabi/11.3.1/../../../../arm-none-eabi/lib/thumb/v7e-m+fp/hard\libc_nano.a(libc_a-findfp.o)
                0x000000002000000c                __sglue
 .data._impure_data
                0x0000000020000018       0x4c C:/ST/STM32CubeIDE_1.14.0/STM32CubeIDE/plugins/com.st.stm32cube.ide.mcu.externaltools.gnu-tools-for-stm32.11.3.rel1.win32_1.1.100.202309141235/tools/bin/../lib/gcc/arm-none-eabi/11.3.1/../../../../arm-none-eabi/lib/thumb/v7e-m+fp/hard\libc_nano.a(libc_a-impure.o)
                0x0000000020000018                _impure_data
 .data._impure_ptr
                0x0000000020000064        0x4 C:/ST/STM32CubeIDE_1.14.0/STM32CubeIDE/plugins/com.st.stm32cube.ide.mcu.externaltools.gnu-tools-for-stm32.11.3.rel1.win32_1.1.100.202309141235/tools/bin/../lib/gcc/arm-none-eabi/11.3.1/../../../../arm-none-eabi/lib/thumb/v7e-m+fp/hard\libc_nano.a(libc_a-impure.o)
                0x0000000020000064                _impure_ptr
 *(.RamFunc)
 *(.RamFunc*)
                0x0000000020000068                . = ALIGN (0x4)
                0x0000000020000068                _edata = .

.igot.plt       0x0000000020000068        0x0 load address 0x000000000800cedc
 .igot.plt      0x0000000020000068        0x0 C:/ST/STM32CubeIDE_1.14.0/STM32CubeIDE/plugins/com.st.stm32cube.ide.mcu.externaltools.gnu-tools-for-stm32.11.3.rel1.win32_1.1.100.202309141235/tools/bin/../lib/gcc/arm-none-eabi/11.3.1/thumb/v7e-m+fp/hard/crtbegin.o
                0x0000000020000068                . = ALIGN (0x4)

.bss            0x0000000020000068      0xbe8 load address 0x000000000800cedc
                0x0000000020000068                _sbss = .
                0x0000000020000068                __bss_start__ = _sbss
 *(.bss)
 .bss           0x0000000020000068       0x1c C:/ST/STM32CubeIDE_1.14.0/STM32CubeIDE/plugins/com.st.stm32cube.ide.mcu.externaltools.gnu-tools-for-stm32.11.3.rel1.win32_1.1.100.202309141235/tools/bin/../lib/gcc/arm-none-eabi/11.3.1/thumb/v7e-m+fp/hard/crtbegin.o
 *(.bss*)
 .bss.bno       0x0000000020000084       0xac ./Core/Src/accelerometer.o
                0x0000000020000084                bno
 .bss.err       0x0000000020000130        0x1 ./Core/Src/accelerometer.o
                0x0000000020000130                err
 *fill*         0x0000000020000131        0x3 
 .bss.hadc1     0x0000000020000134       0x6c ./Core/Src/main.o
                0x0000000020000134                hadc1
 .bss.hadc5     0x00000000200001a0       0x6c ./Core/Src/main.o
                0x00000000200001a0                hadc5
 .bss.hdma_adc1
                0x000000002000020c       0x60 ./Core/Src/main.o
                0x000000002000020c                hdma_adc1
 .bss.hdma_adc5
                0x000000002000026c       0x60 ./Core/Src/main.o
                0x000000002000026c                hdma_adc5
 .bss.hfdcan1   0x00000000200002cc       0x64 ./Core/Src/main.o
                0x00000000200002cc                hfdcan1
 .bss.hfdcan2   0x0000000020000330       0x64 ./Core/Src/main.o
                0x0000000020000330                hfdcan2
 .bss.hfdcan3   0x0000000020000394       0x64 ./Core/Src/main.o
                0x0000000020000394                hfdcan3
 .bss.hi2c1     0x00000000200003f8       0x54 ./Core/Src/main.o
                0x00000000200003f8                hi2c1
 .bss.hi2c2     0x000000002000044c       0x54 ./Core/Src/main.o
                0x000000002000044c                hi2c2
 .bss.hi2c3     0x00000000200004a0       0x54 ./Core/Src/main.o
                0x00000000200004a0                hi2c3
 .bss.hdma_i2c1_rx
                0x00000000200004f4       0x60 ./Core/Src/main.o
                0x00000000200004f4                hdma_i2c1_rx
 .bss.hdma_i2c1_tx
                0x0000000020000554       0x60 ./Core/Src/main.o
                0x0000000020000554                hdma_i2c1_tx
 .bss.hdma_i2c3_rx
                0x00000000200005b4       0x60 ./Core/Src/main.o
                0x00000000200005b4                hdma_i2c3_rx
 .bss.hiwdg     0x0000000020000614       0x10 ./Core/Src/main.o
                0x0000000020000614                hiwdg
 .bss.hlpuart1  0x0000000020000624       0x94 ./Core/Src/main.o
                0x0000000020000624                hlpuart1
 .bss.hspi1     0x00000000200006b8       0x64 ./Core/Src/main.o
                0x00000000200006b8                hspi1
 .bss.hspi3     0x000000002000071c       0x64 ./Core/Src/main.o
                0x000000002000071c                hspi3
 .bss.htim2     0x0000000020000780       0x4c ./Core/Src/main.o
                0x0000000020000780                htim2
 .bss.hpcd_USB_FS
                0x00000000200007cc      0x2dc ./Core/Src/main.o
                0x00000000200007cc                hpcd_USB_FS
 .bss.Fault_Flag
                0x0000000020000aa8        0x1 ./Core/Src/main.o
                0x0000000020000aa8                Fault_Flag
 *fill*         0x0000000020000aa9        0x3 
 .bss.HAL_RCC_FDCAN_CLK_ENABLED
                0x0000000020000aac        0x4 ./Core/Src/stm32g4xx_hal_msp.o
 .bss.__sbrk_heap_end
                0x0000000020000ab0        0x4 ./Core/Src/sysmem.o
 .bss.MCP_0     0x0000000020000ab4       0x1c ./Core/Src/temperature.o
 .bss.MCP_1     0x0000000020000ad0       0x1c ./Core/Src/temperature.o
 .bss.adc1_result_dma
                0x0000000020000aec        0x8 ./Core/Src/temperature.o
                0x0000000020000aec                adc1_result_dma
 .bss.adc5_result_dma
                0x0000000020000af4        0x2 ./Core/Src/temperature.o
                0x0000000020000af4                adc5_result_dma
 *fill*         0x0000000020000af6        0x2 
 .bss.adc1_convert
                0x0000000020000af8        0x4 ./Core/Src/temperature.o
                0x0000000020000af8                adc1_convert
 .bss.adc5_convert
                0x0000000020000afc        0x4 ./Core/Src/temperature.o
                0x0000000020000afc                adc5_convert
 .bss.uwTick    0x0000000020000b00        0x4 ./Drivers/STM32G4xx_HAL_Driver/Src/stm32g4xx_hal.o
                0x0000000020000b00                uwTick
 .bss.__malloc_free_list
                0x0000000020000b04        0x4 C:/ST/STM32CubeIDE_1.14.0/STM32CubeIDE/plugins/com.st.stm32cube.ide.mcu.externaltools.gnu-tools-for-stm32.11.3.rel1.win32_1.1.100.202309141235/tools/bin/../lib/gcc/arm-none-eabi/11.3.1/../../../../arm-none-eabi/lib/thumb/v7e-m+fp/hard\libc_nano.a(libc_a-mallocr.o)
                0x0000000020000b04                __malloc_free_list
 .bss.__malloc_sbrk_start
                0x0000000020000b08        0x4 C:/ST/STM32CubeIDE_1.14.0/STM32CubeIDE/plugins/com.st.stm32cube.ide.mcu.externaltools.gnu-tools-for-stm32.11.3.rel1.win32_1.1.100.202309141235/tools/bin/../lib/gcc/arm-none-eabi/11.3.1/../../../../arm-none-eabi/lib/thumb/v7e-m+fp/hard\libc_nano.a(libc_a-mallocr.o)
                0x0000000020000b08                __malloc_sbrk_start
 .bss.__sf      0x0000000020000b0c      0x138 C:/ST/STM32CubeIDE_1.14.0/STM32CubeIDE/plugins/com.st.stm32cube.ide.mcu.externaltools.gnu-tools-for-stm32.11.3.rel1.win32_1.1.100.202309141235/tools/bin/../lib/gcc/arm-none-eabi/11.3.1/../../../../arm-none-eabi/lib/thumb/v7e-m+fp/hard\libc_nano.a(libc_a-findfp.o)
                0x0000000020000b0c                __sf
 .bss.__stdio_exit_handler
                0x0000000020000c44        0x4 C:/ST/STM32CubeIDE_1.14.0/STM32CubeIDE/plugins/com.st.stm32cube.ide.mcu.externaltools.gnu-tools-for-stm32.11.3.rel1.win32_1.1.100.202309141235/tools/bin/../lib/gcc/arm-none-eabi/11.3.1/../../../../arm-none-eabi/lib/thumb/v7e-m+fp/hard\libc_nano.a(libc_a-findfp.o)
                0x0000000020000c44                __stdio_exit_handler
 .bss.errno     0x0000000020000c48        0x4 C:/ST/STM32CubeIDE_1.14.0/STM32CubeIDE/plugins/com.st.stm32cube.ide.mcu.externaltools.gnu-tools-for-stm32.11.3.rel1.win32_1.1.100.202309141235/tools/bin/../lib/gcc/arm-none-eabi/11.3.1/../../../../arm-none-eabi/lib/thumb/v7e-m+fp/hard\libc_nano.a(libc_a-reent.o)
                0x0000000020000c48                errno
 .bss.__lock___malloc_recursive_mutex
                0x0000000020000c4c        0x1 C:/ST/STM32CubeIDE_1.14.0/STM32CubeIDE/plugins/com.st.stm32cube.ide.mcu.externaltools.gnu-tools-for-stm32.11.3.rel1.win32_1.1.100.202309141235/tools/bin/../lib/gcc/arm-none-eabi/11.3.1/../../../../arm-none-eabi/lib/thumb/v7e-m+fp/hard\libc_nano.a(libc_a-lock.o)
                0x0000000020000c4c                __lock___malloc_recursive_mutex
 .bss.__lock___sfp_recursive_mutex
                0x0000000020000c4d        0x1 C:/ST/STM32CubeIDE_1.14.0/STM32CubeIDE/plugins/com.st.stm32cube.ide.mcu.externaltools.gnu-tools-for-stm32.11.3.rel1.win32_1.1.100.202309141235/tools/bin/../lib/gcc/arm-none-eabi/11.3.1/../../../../arm-none-eabi/lib/thumb/v7e-m+fp/hard\libc_nano.a(libc_a-lock.o)
                0x0000000020000c4d                __lock___sfp_recursive_mutex
 *(COMMON)
                0x0000000020000c50                . = ALIGN (0x4)
 *fill*         0x0000000020000c4e        0x2 
                0x0000000020000c50                _ebss = .
                0x0000000020000c50                __bss_end__ = _ebss

._user_heap_stack
                0x0000000020000c50      0x600 load address 0x000000000800cedc
                0x0000000020000c50                . = ALIGN (0x8)
                [!provide]                        PROVIDE (end = .)
                0x0000000020000c50                PROVIDE (_end = .)
                0x0000000020000e50                . = (. + _Min_Heap_Size)
 *fill*         0x0000000020000c50      0x200 
                0x0000000020001250                . = (. + _Min_Stack_Size)
 *fill*         0x0000000020000e50      0x400 
                0x0000000020001250                . = ALIGN (0x8)

/DISCARD/
 libc.a(*)
 libm.a(*)
 libgcc.a(*)

.ARM.attributes
                0x0000000000000000       0x30
 *(.ARM.attributes)
 .ARM.attributes
                0x0000000000000000       0x1e C:/ST/STM32CubeIDE_1.14.0/STM32CubeIDE/plugins/com.st.stm32cube.ide.mcu.externaltools.gnu-tools-for-stm32.11.3.rel1.win32_1.1.100.202309141235/tools/bin/../lib/gcc/arm-none-eabi/11.3.1/thumb/v7e-m+fp/hard/crti.o
 .ARM.attributes
                0x000000000000001e       0x34 C:/ST/STM32CubeIDE_1.14.0/STM32CubeIDE/plugins/com.st.stm32cube.ide.mcu.externaltools.gnu-tools-for-stm32.11.3.rel1.win32_1.1.100.202309141235/tools/bin/../lib/gcc/arm-none-eabi/11.3.1/thumb/v7e-m+fp/hard/crtbegin.o