../Core/Src/driver_mcp9600.c:86:16:a_mcp9600_iic_read	32	static
../Core/Src/driver_mcp9600.c:114:16:a_mcp9600_iic_write	48	static
../Core/Src/driver_mcp9600.c:145:9:mcp9600_set_addr_pin	16	static
../Core/Src/driver_mcp9600.c:166:9:mcp9600_get_addr_pin	16	static
../Core/Src/driver_mcp9600.c:189:9:mcp9600_init	24	static
../Core/Src/driver_mcp9600.c:272:9:mcp9600_deinit	24	static
../Core/Src/driver_mcp9600.c:325:9:mcp9600_start_continuous_read	24	static
../Core/Src/driver_mcp9600.c:370:9:mcp9600_stop_continuous_read	24	static
../Core/Src/driver_mcp9600.c:422:9:mcp9600_continuous_read	32	static
../Core/Src/driver_mcp9600.c:502:9:mcp9600_single_read	32	static
../Core/Src/driver_mcp9600.c:634:9:mcp9600_get_status_burst_complete_flag	24	static
../Core/Src/driver_mcp9600.c:671:9:mcp9600_clear_status_burst_complete_flag	24	static
../Core/Src/driver_mcp9600.c:715:9:mcp9600_get_status_temperature_update_flag	24	static
../Core/Src/driver_mcp9600.c:752:9:mcp9600_clear_status_temperature_update_flag	24	static
../Core/Src/driver_mcp9600.c:796:9:mcp9600_get_status_input_range	24	static
../Core/Src/driver_mcp9600.c:835:9:mcp9600_get_alert_status	32	static
../Core/Src/driver_mcp9600.c:874:9:mcp9600_get_hot_junction_temperature	32	static
../Core/Src/driver_mcp9600.c:914:9:mcp9600_get_junction_thermocouple_delta	32	static
../Core/Src/driver_mcp9600.c:954:9:mcp9600_get_cold_junction_temperature	32	static
../Core/Src/driver_mcp9600.c:1010:9:mcp9600_get_raw_adc	48	static
../Core/Src/driver_mcp9600.c:1100:9:mcp9600_set_cold_junction_resolution	24	static
../Core/Src/driver_mcp9600.c:1146:9:mcp9600_get_cold_junction_resolution	24	static
../Core/Src/driver_mcp9600.c:1184:9:mcp9600_set_adc_resolution	24	static
../Core/Src/driver_mcp9600.c:1230:9:mcp9600_get_adc_resolution	24	static
../Core/Src/driver_mcp9600.c:1268:9:mcp9600_set_burst_mode_sample	24	static
../Core/Src/driver_mcp9600.c:1314:9:mcp9600_get_burst_mode_sample	24	static
../Core/Src/driver_mcp9600.c:1352:9:mcp9600_set_mode	24	static
../Core/Src/driver_mcp9600.c:1398:9:mcp9600_get_mode	24	static
../Core/Src/driver_mcp9600.c:1436:9:mcp9600_set_thermocouple_type	24	static
../Core/Src/driver_mcp9600.c:1482:9:mcp9600_get_thermocouple_type	24	static
../Core/Src/driver_mcp9600.c:1519:9:mcp9600_set_filter_coefficient	24	static
../Core/Src/driver_mcp9600.c:1565:9:mcp9600_get_filter_coefficient	24	static
../Core/Src/driver_mcp9600.c:1602:9:mcp9600_alert_limit_convert_to_register	24	static
../Core/Src/driver_mcp9600.c:1629:9:mcp9600_alert_limit_convert_to_data	24	static
../Core/Src/driver_mcp9600.c:1658:9:mcp9600_set_alert_limit	24	static
../Core/Src/driver_mcp9600.c:1742:9:mcp9600_get_alert_limit	32	static
../Core/Src/driver_mcp9600.c:1823:9:mcp9600_alert_hysteresis_convert_to_register	24	static
../Core/Src/driver_mcp9600.c:1850:9:mcp9600_alert_hysteresis_convert_to_data	24	static
../Core/Src/driver_mcp9600.c:1879:9:mcp9600_set_alert_hysteresis	24	static
../Core/Src/driver_mcp9600.c:1962:9:mcp9600_get_alert_hysteresis	32	static
../Core/Src/driver_mcp9600.c:2044:9:mcp9600_clear_interrupt	24	static
../Core/Src/driver_mcp9600.c:2135:9:mcp9600_get_interrupt	32	static
../Core/Src/driver_mcp9600.c:2218:9:mcp9600_set_temperature_maintain_detect	24	static
../Core/Src/driver_mcp9600.c:2310:9:mcp9600_get_temperature_maintain_detect	32	static
../Core/Src/driver_mcp9600.c:2394:9:mcp9600_set_detect_edge	24	static
../Core/Src/driver_mcp9600.c:2485:9:mcp9600_get_detect_edge	32	static
../Core/Src/driver_mcp9600.c:2568:9:mcp9600_set_active_level	24	static
../Core/Src/driver_mcp9600.c:2659:9:mcp9600_get_active_level	32	static
../Core/Src/driver_mcp9600.c:2742:9:mcp9600_set_interrupt_mode	24	static
../Core/Src/driver_mcp9600.c:2833:9:mcp9600_get_interrupt_mode	32	static
../Core/Src/driver_mcp9600.c:2916:9:mcp9600_set_alert_output	24	static
../Core/Src/driver_mcp9600.c:3007:9:mcp9600_get_alert_output	32	static
../Core/Src/driver_mcp9600.c:3089:9:mcp9600_get_device_id_revision	32	static
../Core/Src/driver_mcp9600.c:3129:9:mcp9600_set_reg	24	static
../Core/Src/driver_mcp9600.c:3156:9:mcp9600_get_reg	24	static
../Core/Src/driver_mcp9600.c:3178:9:mcp9600_info	16	static
