../Core/Src/main.c:107:5:main	16	static
../Core/Src/main.c:165:6:SystemClock_Config	88	static
../Core/Src/main.c:213:13:MX_ADC1_Init	56	static
../Core/Src/main.c:305:13:MX_ADC5_Init	40	static
../Core/Src/main.c:364:13:MX_FDCAN1_Init	8	static
../Core/Src/main.c:407:13:MX_FDCAN2_Init	8	static
../Core/Src/main.c:450:13:MX_FDCAN3_Init	8	static
../Core/Src/main.c:493:13:MX_I2C1_Init	8	static
../Core/Src/main.c:541:13:MX_I2C2_Init	8	static
../Core/Src/main.c:589:13:MX_I2C3_Init	8	static
../Core/Src/main.c:637:13:MX_IWDG_Init	8	static
../Core/Src/main.c:666:13:MX_LPUART1_UART_Init	8	static
../Core/Src/main.c:713:13:MX_SPI1_Init	8	static
../Core/Src/main.c:753:13:MX_SPI3_Init	8	static
../Core/Src/main.c:793:13:MX_USB_PCD_Init	8	static
../Core/Src/main.c:824:13:MX_DMA_Init	16	static
../Core/Src/main.c:852:13:MX_GPIO_Init	56	static
../Core/Src/main.c:942:6:Error_Handler	4	static,ignoring_inline_asm
