../Core/Src/main.c:107:9:Run_State	24	static
../Core/Src/main.c:201:5:main	8	static
../Core/Src/main.c:276:6:SystemClock_Config	88	static
../Core/Src/main.c:326:13:MX_ADC1_Init	56	static
../Core/Src/main.c:421:13:MX_ADC5_Init	40	static
../Core/Src/main.c:480:13:MX_FDCAN1_Init	8	static
../Core/Src/main.c:523:13:MX_FDCAN2_Init	8	static
../Core/Src/main.c:566:13:MX_FDCAN3_Init	8	static
../Core/Src/main.c:609:13:MX_I2C1_Init	8	static
../Core/Src/main.c:657:13:MX_I2C2_Init	8	static
../Core/Src/main.c:705:13:MX_I2C3_Init	8	static
../Core/Src/main.c:753:13:MX_IWDG_Init	8	static
../Core/Src/main.c:782:13:MX_LPUART1_UART_Init	8	static
../Core/Src/main.c:829:13:MX_USART2_UART_Init	8	static
../Core/Src/main.c:877:13:MX_SPI1_Init	8	static
../Core/Src/main.c:917:13:MX_SPI3_Init	8	static
../Core/Src/main.c:957:13:MX_TIM2_Init	40	static
../Core/Src/main.c:1002:13:MX_TIM6_Init	24	static
../Core/Src/main.c:1040:13:MX_USB_PCD_Init	8	static
../Core/Src/main.c:1071:13:MX_DMA_Init	16	static
../Core/Src/main.c:1102:13:MX_GPIO_Init	48	static
../Core/Src/main.c:1188:6:HAL_TIM_PeriodElapsedCallback	16	static
../Core/Src/main.c:1207:6:Error_Handler	4	static,ignoring_inline_asm
